//
// AUTO-GENERATED FILE. DO NOT MODIFY.
//
// This class was automatically generated by Apollo GraphQL version '$VERSION'.
//
package com.example.simple_target_name.selections;

import com.apollographql.apollo3.api.CompiledField;
import com.apollographql.apollo3.api.CompiledNotNullType;
import com.apollographql.apollo3.api.CompiledSelection;
import com.example.simple_target_name.type.GraphQLString;
import com.example.simple_target_name.type.MyType;
import com.example.simple_target_name.type.Scalar;
import java.util.Arrays;
import java.util.List;

public class TestQuerySelections {
  private static List<CompiledSelection> __object = Arrays.asList(
    new CompiledField.Builder("a", GraphQLString.type).build()
  );

  private static List<CompiledSelection> __object2 = Arrays.asList(
    new CompiledField.Builder("a", GraphQLString.type).build()
  );

  public static List<CompiledSelection> __root = Arrays.asList(
    new CompiledField.Builder("scalar", Scalar.type).build(),
    new CompiledField.Builder("object", MyType.type).selections(__object).build(),
    new CompiledField.Builder("object2", new CompiledNotNullType(MyType.type)).selections(__object2).build()
  );
}
