//
// AUTO-GENERATED FILE. DO NOT MODIFY.
//
// This class was automatically generated by Apollo GraphQL version '$VERSION'.
//
package com.example.fragments_with_defer_and_include_directives;

import com.apollographql.apollo3.api.Adapter;
import com.apollographql.apollo3.api.Assertions;
import com.apollographql.apollo3.api.CompiledField;
import com.apollographql.apollo3.api.CustomScalarAdapters;
import com.apollographql.apollo3.api.ObjectAdapter;
import com.apollographql.apollo3.api.Query;
import com.apollographql.apollo3.api.json.JsonWriter;
import com.example.fragments_with_defer_and_include_directives.adapter.SpreadMultipleWithDeferWithIf_ResponseAdapter;
import com.example.fragments_with_defer_and_include_directives.adapter.SpreadMultipleWithDeferWithIf_VariablesAdapter;
import com.example.fragments_with_defer_and_include_directives.fragment.CharacterDetails;
import com.example.fragments_with_defer_and_include_directives.fragment.CharacterDetails2;
import com.example.fragments_with_defer_and_include_directives.fragment.CharacterDetails3;
import com.example.fragments_with_defer_and_include_directives.selections.SpreadMultipleWithDeferWithIfSelections;
import java.io.IOException;
import java.lang.Boolean;
import java.lang.Object;
import java.lang.Override;
import java.lang.String;
import org.jetbrains.annotations.NotNull;
import org.jetbrains.annotations.Nullable;

public class SpreadMultipleWithDeferWithIf implements Query<SpreadMultipleWithDeferWithIf.Data> {
  public static final String OPERATION_ID = "ecdac17ca37d6cbf3a6e5059904fabfd96193cbe0720eb27880026b518feec9f";

  /**
   * The minimized GraphQL document being sent to the server to save a few bytes.
   * The un-minimized version is:
   *
   * query SpreadMultipleWithDeferWithIf($cond: Boolean!) {
   *   hero {
   *     __typename
   *     ...CharacterDetails @defer(label: "c_first", if: false)
   *     ...CharacterDetails2 @defer(label: "c_second", if: true)
   *     ...CharacterDetails3 @defer(label: "c_third", if: $cond)
   *   }
   * }
   *
   * fragment CharacterDetails on Droid {
   *   name
   * }
   *
   * fragment CharacterDetails2 on Droid {
   *   id
   * }
   *
   * fragment CharacterDetails3 on Droid {
   *   birthDate
   * }
   */
  public static final String OPERATION_DOCUMENT = "query SpreadMultipleWithDeferWithIf($cond: Boolean!) { hero { __typename ...CharacterDetails @defer(label: \"c_first\", if: false) ...CharacterDetails2 @defer(label: \"c_second\", if: true) ...CharacterDetails3 @defer(label: \"c_third\", if: $cond) } }  fragment CharacterDetails on Droid { name }  fragment CharacterDetails2 on Droid { id }  fragment CharacterDetails3 on Droid { birthDate }";

  public static final String OPERATION_NAME = "SpreadMultipleWithDeferWithIf";

  @NotNull
  public final Boolean cond;

  private transient volatile int $hashCode;

  private transient volatile boolean $hashCodeMemoized;

  private transient volatile String $toString;

  public SpreadMultipleWithDeferWithIf(@NotNull Boolean cond) {
    this.cond = cond;
  }

  @Override
  public boolean equals(Object o) {
    if (o == this) {
      return true;
    }
    if (o instanceof SpreadMultipleWithDeferWithIf) {
      SpreadMultipleWithDeferWithIf that = (SpreadMultipleWithDeferWithIf) o;
      return ((this.cond == null) ? (that.cond == null) : this.cond.equals(that.cond));
    }
    return false;
  }

  @Override
  public int hashCode() {
    if (!$hashCodeMemoized) {
      int h = 1;
      h *= 1000003;
      h ^= (cond == null) ? 0 : cond.hashCode();
      $hashCode = h;
      $hashCodeMemoized = true;
    }
    return $hashCode;
  }

  @Override
  public String toString() {
    if ($toString == null) {
      $toString = "SpreadMultipleWithDeferWithIf{"
        + "cond=" + cond
        + "}";
    }
    return $toString;
  }

  public static Builder builder() {
    return new Builder();
  }

  @Override
  public String id() {
    return OPERATION_ID;
  }

  @Override
  public String document() {
    return OPERATION_DOCUMENT;
  }

  @Override
  public String name() {
    return OPERATION_NAME;
  }

  @Override
  public void serializeVariables(JsonWriter writer, CustomScalarAdapters customScalarAdapters)
      throws IOException {
    SpreadMultipleWithDeferWithIf_VariablesAdapter.INSTANCE.toJson(writer, customScalarAdapters, this);
  }

  @Override
  public Adapter<Data> adapter() {
    return new ObjectAdapter<Data>(SpreadMultipleWithDeferWithIf_ResponseAdapter.Data.INSTANCE, false);
  }

  @Override
  public CompiledField rootField() {
    return new CompiledField.Builder(
      "data",
      com.example.fragments_with_defer_and_include_directives.type.Query.type
    )
    .selections(SpreadMultipleWithDeferWithIfSelections.__root)
    .build();
  }

  public static final class Builder {
    private Boolean cond;

    Builder() {
    }

    public Builder cond(@NotNull Boolean cond) {
      this.cond = cond;
      return this;
    }

    public SpreadMultipleWithDeferWithIf build() {
      Assertions.checkFieldNotMissing(cond, "cond");
      return new SpreadMultipleWithDeferWithIf(cond);
    }
  }

  public static class Data implements Query.Data {
    @Nullable
    public Hero hero;

    private transient volatile int $hashCode;

    private transient volatile boolean $hashCodeMemoized;

    private transient volatile String $toString;

    public Data(@Nullable Hero hero) {
      this.hero = hero;
    }

    @Override
    public boolean equals(Object o) {
      if (o == this) {
        return true;
      }
      if (o instanceof Data) {
        Data that = (Data) o;
        return ((this.hero == null) ? (that.hero == null) : this.hero.equals(that.hero));
      }
      return false;
    }

    @Override
    public int hashCode() {
      if (!$hashCodeMemoized) {
        int h = 1;
        h *= 1000003;
        h ^= (hero == null) ? 0 : hero.hashCode();
        $hashCode = h;
        $hashCodeMemoized = true;
      }
      return $hashCode;
    }

    @Override
    public String toString() {
      if ($toString == null) {
        $toString = "Data{"
          + "hero=" + hero
          + "}";
      }
      return $toString;
    }
  }

  public static class Hero {
    @NotNull
    public String __typename;

    /**
     * Synthetic field for 'CharacterDetails'
     */
    @Nullable
    public CharacterDetails characterDetails;

    /**
     * Synthetic field for 'CharacterDetails2'
     */
    @Nullable
    public CharacterDetails2 characterDetails2;

    /**
     * Synthetic field for 'CharacterDetails3'
     */
    @Nullable
    public CharacterDetails3 characterDetails3;

    private transient volatile int $hashCode;

    private transient volatile boolean $hashCodeMemoized;

    private transient volatile String $toString;

    public Hero(@NotNull String __typename, @Nullable CharacterDetails characterDetails,
        @Nullable CharacterDetails2 characterDetails2,
        @Nullable CharacterDetails3 characterDetails3) {
      this.__typename = __typename;
      this.characterDetails = characterDetails;
      this.characterDetails2 = characterDetails2;
      this.characterDetails3 = characterDetails3;
    }

    @Override
    public boolean equals(Object o) {
      if (o == this) {
        return true;
      }
      if (o instanceof Hero) {
        Hero that = (Hero) o;
        return ((this.__typename == null) ? (that.__typename == null) : this.__typename.equals(that.__typename))
         &&((this.characterDetails == null) ? (that.characterDetails == null) : this.characterDetails.equals(that.characterDetails))
         &&((this.characterDetails2 == null) ? (that.characterDetails2 == null) : this.characterDetails2.equals(that.characterDetails2))
         &&((this.characterDetails3 == null) ? (that.characterDetails3 == null) : this.characterDetails3.equals(that.characterDetails3));
      }
      return false;
    }

    @Override
    public int hashCode() {
      if (!$hashCodeMemoized) {
        int h = 1;
        h *= 1000003;
        h ^= (__typename == null) ? 0 : __typename.hashCode();
        h *= 1000003;
        h ^= (characterDetails == null) ? 0 : characterDetails.hashCode();
        h *= 1000003;
        h ^= (characterDetails2 == null) ? 0 : characterDetails2.hashCode();
        h *= 1000003;
        h ^= (characterDetails3 == null) ? 0 : characterDetails3.hashCode();
        $hashCode = h;
        $hashCodeMemoized = true;
      }
      return $hashCode;
    }

    @Override
    public String toString() {
      if ($toString == null) {
        $toString = "Hero{"
          + "__typename=" + __typename + ", "
          + "characterDetails=" + characterDetails + ", "
          + "characterDetails2=" + characterDetails2 + ", "
          + "characterDetails3=" + characterDetails3
          + "}";
      }
      return $toString;
    }
  }
}
