//
// AUTO-GENERATED FILE. DO NOT MODIFY.
//
// This class was automatically generated by Apollo GraphQL version '$VERSION'.
//
package com.example.fragments_with_defer_and_include_directives.selections;

import com.apollographql.apollo3.api.CompiledArgument;
import com.apollographql.apollo3.api.CompiledCondition;
import com.apollographql.apollo3.api.CompiledDirective;
import com.apollographql.apollo3.api.CompiledField;
import com.apollographql.apollo3.api.CompiledFragment;
import com.apollographql.apollo3.api.CompiledNotNullType;
import com.apollographql.apollo3.api.CompiledSelection;
import com.apollographql.apollo3.api.CompiledVariable;
import com.example.fragments_with_defer_and_include_directives.fragment.selections.DroidDetailsSelections;
import com.example.fragments_with_defer_and_include_directives.type.Character;
import com.example.fragments_with_defer_and_include_directives.type.GraphQLString;
import java.util.Arrays;
import java.util.List;

public class SpreadMultipleWithDeferAndIncludeSelections {
  private static List<CompiledSelection> __hero = Arrays.asList(
    new CompiledField.Builder("__typename", new CompiledNotNullType(GraphQLString.type)).build(),
    new CompiledFragment.Builder("Droid", Arrays.asList("Droid")).condition(Arrays.asList(new CompiledCondition("cond1", false))).selections(DroidDetailsSelections.__root).directives(Arrays.asList(
        new CompiledDirective("include", Arrays.asList(
          new CompiledArgument.Builder("if", new CompiledVariable("cond1")).build()
        ))
      ))
    .build(),
    new CompiledFragment.Builder("Droid", Arrays.asList("Droid")).condition(Arrays.asList(new CompiledCondition("cond2", true))).selections(DroidDetailsSelections.__root).directives(Arrays.asList(
        new CompiledDirective("skip", Arrays.asList(
          new CompiledArgument.Builder("if", new CompiledVariable("cond2")).build()
        ))
      ))
    .build(),
    new CompiledFragment.Builder("Droid", Arrays.asList("Droid")).selections(DroidDetailsSelections.__root).directives(Arrays.asList(
        new CompiledDirective("defer", Arrays.asList(
          new CompiledArgument.Builder("label", "b_first").build()
        ))
      ))
    .build(),
    new CompiledFragment.Builder("Droid", Arrays.asList("Droid")).selections(DroidDetailsSelections.__root).directives(Arrays.asList(
        new CompiledDirective("defer", Arrays.asList(
          new CompiledArgument.Builder("label", "b_second").build()
        ))
      ))
    .build(),
    new CompiledFragment.Builder("Droid", Arrays.asList("Droid")).condition(Arrays.asList(new CompiledCondition("cond3", false))).selections(DroidDetailsSelections.__root).directives(Arrays.asList(
        new CompiledDirective("defer", Arrays.asList(
          new CompiledArgument.Builder("label", "b_third").build()
        )),
        new CompiledDirective("include", Arrays.asList(
          new CompiledArgument.Builder("if", new CompiledVariable("cond3")).build()
        ))
      ))
    .build(),
    new CompiledFragment.Builder("Droid", Arrays.asList("Droid")).condition(Arrays.asList(new CompiledCondition("cond4", true))).selections(DroidDetailsSelections.__root).directives(Arrays.asList(
        new CompiledDirective("defer", Arrays.asList(
          new CompiledArgument.Builder("label", "b_fourth").build()
        )),
        new CompiledDirective("skip", Arrays.asList(
          new CompiledArgument.Builder("if", new CompiledVariable("cond4")).build()
        ))
      ))
    .build()
  );

  public static List<CompiledSelection> __root = Arrays.asList(
    new CompiledField.Builder("hero", Character.type).selections(__hero).build()
  );
}
