//
// AUTO-GENERATED FILE. DO NOT MODIFY.
//
// This class was automatically generated by Apollo GraphQL version '$VERSION'.
//
package com.example.simple_target_name.selections

import com.apollographql.apollo3.api.CompiledField
import com.apollographql.apollo3.api.CompiledSelection
import com.apollographql.apollo3.api.notNull
import com.example.simple_target_name.type.GraphQLString
import com.example.simple_target_name.type.MyType
import com.example.simple_target_name.type.Scalar
import kotlin.collections.List

public object TestQuerySelections {
  private val __object: List<CompiledSelection> = listOf(
        CompiledField.Builder(
          name = "a",
          type = GraphQLString.type
        ).build()
      )

  private val __object2: List<CompiledSelection> = listOf(
        CompiledField.Builder(
          name = "a",
          type = GraphQLString.type
        ).build()
      )

  public val __root: List<CompiledSelection> = listOf(
        CompiledField.Builder(
          name = "scalar",
          type = Scalar.type
        ).build(),
        CompiledField.Builder(
          name = "object",
          type = MyType.type
        ).selections(__object)
        .build(),
        CompiledField.Builder(
          name = "object2",
          type = MyType.type.notNull()
        ).selections(__object2)
        .build()
      )
}
