//
// AUTO-GENERATED FILE. DO NOT MODIFY.
//
// This class was automatically generated by Apollo GraphQL version '$VERSION'.
//
package com.example.simple_target_name

import com.apollographql.apollo3.annotations.ApolloAdaptableWith
import com.apollographql.apollo3.api.Adapter
import com.apollographql.apollo3.api.CompiledField
import com.apollographql.apollo3.api.CustomScalarAdapters
import com.apollographql.apollo3.api.Query
import com.apollographql.apollo3.api.json.JsonWriter
import com.apollographql.apollo3.api.obj
import com.example.simple_target_name.adapter.TestQuery_ResponseAdapter
import com.example.simple_target_name.selections.TestQuerySelections
import kotlin.Any
import kotlin.Boolean
import kotlin.Int
import kotlin.String
import kotlin.Unit

public class TestQuery() : Query<TestQuery.Data> {
  public override fun equals(other: Any?): Boolean = other != null && other::class == this::class

  public override fun hashCode(): Int = this::class.hashCode()

  public override fun id(): String = OPERATION_ID

  public override fun document(): String = OPERATION_DOCUMENT

  public override fun name(): String = OPERATION_NAME

  public override fun serializeVariables(writer: JsonWriter,
      customScalarAdapters: CustomScalarAdapters): Unit {
    // This operation doesn't have any variable
  }

  public override fun adapter(): Adapter<Data> = TestQuery_ResponseAdapter.Data.obj()

  public override fun rootField(): CompiledField = CompiledField.Builder(
    name = "data",
    type = com.example.simple_target_name.type.Query.type
  )
  .selections(selections = TestQuerySelections.__root)
  .build()

  @ApolloAdaptableWith(TestQuery_ResponseAdapter.Data::class)
  public data class Data(
    /**
     * This type is a scalar.
     */
    public val scalar: Any?,
    /**
     * This type is an object.
     */
    public val `object`: Object?,
    public val object2: Object2,
  ) : Query.Data {
    public data class Object(
      public val a: String?,
    )

    public data class Object2(
      public val a: String?,
    )
  }

  public companion object {
    public const val OPERATION_ID: String =
        "f11b88ac47eb9ef9d1c343cdf4cf0304c341f80b6c6f66fd8063cadd9435337b"

    /**
     * The minimized GraphQL document being sent to the server to save a few bytes.
     * The un-minimized version is:
     *
     * query TestQuery {
     *   scalar
     *   object {
     *     a
     *   }
     *   object2 {
     *     a
     *   }
     * }
     */
    public val OPERATION_DOCUMENT: String
      get() = "query TestQuery { scalar object { a } object2 { a } }"

    public const val OPERATION_NAME: String = "TestQuery"
  }
}
