//
// AUTO-GENERATED FILE. DO NOT MODIFY.
//
// This class was automatically generated by Apollo GraphQL version '$VERSION'.
//
package com.example.named_fragment_delegate.fragment;

import com.apollographql.apollo3.api.Fragment;
import java.lang.Object;
import java.lang.Override;
import java.lang.String;
import java.util.List;
import org.jetbrains.annotations.NotNull;
import org.jetbrains.annotations.Nullable;

public class DroidDetails implements Fragment.Data {
  /**
   * What others call this droid
   */
  @NotNull
  public String name;

  /**
   * This droid's primary function
   */
  @Nullable
  public String primaryFunction;

  /**
   * This droid's friends, or an empty list if they have none
   */
  @Nullable
  public List<Friend> friends;

  private transient volatile int $hashCode;

  private transient volatile boolean $hashCodeMemoized;

  private transient volatile String $toString;

  public DroidDetails(@NotNull String name, @Nullable String primaryFunction,
      @Nullable List<Friend> friends) {
    this.name = name;
    this.primaryFunction = primaryFunction;
    this.friends = friends;
  }

  @Override
  public boolean equals(Object o) {
    if (o == this) {
      return true;
    }
    if (o instanceof DroidDetails) {
      DroidDetails that = (DroidDetails) o;
      return ((this.name == null) ? (that.name == null) : this.name.equals(that.name))
       &&((this.primaryFunction == null) ? (that.primaryFunction == null) : this.primaryFunction.equals(that.primaryFunction))
       &&((this.friends == null) ? (that.friends == null) : this.friends.equals(that.friends));
    }
    return false;
  }

  @Override
  public int hashCode() {
    if (!$hashCodeMemoized) {
      int h = 1;
      h *= 1000003;
      h ^= (name == null) ? 0 : name.hashCode();
      h *= 1000003;
      h ^= (primaryFunction == null) ? 0 : primaryFunction.hashCode();
      h *= 1000003;
      h ^= (friends == null) ? 0 : friends.hashCode();
      $hashCode = h;
      $hashCodeMemoized = true;
    }
    return $hashCode;
  }

  @Override
  public String toString() {
    if ($toString == null) {
      $toString = "DroidDetails{"
        + "name=" + name + ", "
        + "primaryFunction=" + primaryFunction + ", "
        + "friends=" + friends
        + "}";
    }
    return $toString;
  }

  public static class Friend {
    /**
     * The name of the character
     */
    @NotNull
    public String name;

    private transient volatile int $hashCode;

    private transient volatile boolean $hashCodeMemoized;

    private transient volatile String $toString;

    public Friend(@NotNull String name) {
      this.name = name;
    }

    @Override
    public boolean equals(Object o) {
      if (o == this) {
        return true;
      }
      if (o instanceof Friend) {
        Friend that = (Friend) o;
        return ((this.name == null) ? (that.name == null) : this.name.equals(that.name));
      }
      return false;
    }

    @Override
    public int hashCode() {
      if (!$hashCodeMemoized) {
        int h = 1;
        h *= 1000003;
        h ^= (name == null) ? 0 : name.hashCode();
        $hashCode = h;
        $hashCodeMemoized = true;
      }
      return $hashCode;
    }

    @Override
    public String toString() {
      if ($toString == null) {
        $toString = "Friend{"
          + "name=" + name
          + "}";
      }
      return $toString;
    }
  }
}
