//
// AUTO-GENERATED FILE. DO NOT MODIFY.
//
// This class was automatically generated by Apollo GraphQL version '$VERSION'.
//
package com.example.union_inline_fragments;

import com.apollographql.apollo3.api.Adapter;
import com.apollographql.apollo3.api.CompiledField;
import com.apollographql.apollo3.api.CustomScalarAdapters;
import com.apollographql.apollo3.api.ObjectAdapter;
import com.apollographql.apollo3.api.Query;
import com.apollographql.apollo3.api.json.JsonWriter;
import com.example.union_inline_fragments.adapter.TestQuery_ResponseAdapter;
import com.example.union_inline_fragments.selections.TestQuerySelections;
import com.example.union_inline_fragments.type.Episode;
import java.io.IOException;
import java.lang.Object;
import java.lang.Override;
import java.lang.String;
import java.util.List;
import org.jetbrains.annotations.NotNull;
import org.jetbrains.annotations.Nullable;

public class TestQuery implements Query<TestQuery.Data> {
  public static final String OPERATION_ID = "2c2de063c729a4ce1b51648279b6afd6372ac91ae33c304f4e33d20fb098cfc6";

  /**
   * The minimized GraphQL document being sent to the server to save a few bytes.
   * The un-minimized version is:
   *
   * query TestQuery {
   *   search(text: "test") {
   *     __typename
   *     ... on Character {
   *       id
   *       name
   *       friends {
   *         __typename
   *         ... on Character {
   *           name
   *         }
   *         ... on Human {
   *           homePlanet
   *           friends {
   *             __typename
   *             ... on Character {
   *               firstAppearsIn
   *             }
   *           }
   *         }
   *         ... on Droid {
   *           primaryFunction
   *           friends {
   *             id
   *           }
   *         }
   *       }
   *     }
   *     ... on Starship {
   *       name
   *     }
   *   }
   * }
   */
  public static final String OPERATION_DOCUMENT = "query TestQuery { search(text: \"test\") { __typename ... on Character { id name friends { __typename ... on Character { name } ... on Human { homePlanet friends { __typename ... on Character { firstAppearsIn } } } ... on Droid { primaryFunction friends { id } } } } ... on Starship { name } } }";

  public static final String OPERATION_NAME = "TestQuery";

  private transient volatile int $hashCode;

  private transient volatile boolean $hashCodeMemoized;

  private transient volatile String $toString;

  public TestQuery() {

  }

  @Override
  public boolean equals(Object o) {
    if (o == this) {
      return true;
    }
    if (o instanceof TestQuery) {
      return true;
    }
    return false;
  }

  @Override
  public int hashCode() {
    if (!$hashCodeMemoized) {
      int h = 1;
      $hashCode = h;
      $hashCodeMemoized = true;
    }
    return $hashCode;
  }

  @Override
  public String toString() {
    if ($toString == null) {
      $toString = "TestQuery{"
        + "}";
    }
    return $toString;
  }

  public static Builder builder() {
    return new Builder();
  }

  @Override
  public String id() {
    return OPERATION_ID;
  }

  @Override
  public String document() {
    return OPERATION_DOCUMENT;
  }

  @Override
  public String name() {
    return OPERATION_NAME;
  }

  @Override
  public void serializeVariables(JsonWriter writer, CustomScalarAdapters customScalarAdapters)
      throws IOException {
    // This operation doesn't have any variable
  }

  @Override
  public Adapter<Data> adapter() {
    return new ObjectAdapter<Data>(TestQuery_ResponseAdapter.Data.INSTANCE, false);
  }

  @Override
  public CompiledField rootField() {
    return new CompiledField.Builder(
      "data",
      com.example.union_inline_fragments.type.Query.type
    )
    .selections(TestQuerySelections.__root)
    .build();
  }

  public static final class Builder {
    Builder() {
    }

    public TestQuery build() {
      return new TestQuery();
    }
  }

  public static class Data implements Query.Data {
    @Nullable
    public List<Search> search;

    private transient volatile int $hashCode;

    private transient volatile boolean $hashCodeMemoized;

    private transient volatile String $toString;

    public Data(@Nullable List<Search> search) {
      this.search = search;
    }

    @Override
    public boolean equals(Object o) {
      if (o == this) {
        return true;
      }
      if (o instanceof Data) {
        Data that = (Data) o;
        return ((this.search == null) ? (that.search == null) : this.search.equals(that.search));
      }
      return false;
    }

    @Override
    public int hashCode() {
      if (!$hashCodeMemoized) {
        int h = 1;
        h *= 1000003;
        h ^= (search == null) ? 0 : search.hashCode();
        $hashCode = h;
        $hashCodeMemoized = true;
      }
      return $hashCode;
    }

    @Override
    public String toString() {
      if ($toString == null) {
        $toString = "Data{"
          + "search=" + search
          + "}";
      }
      return $toString;
    }
  }

  public static class Search {
    @NotNull
    public String __typename;

    /**
     * Synthetic field for inline fragment on Character
     */
    @Nullable
    public OnCharacter onCharacter;

    /**
     * Synthetic field for inline fragment on Starship
     */
    @Nullable
    public OnStarship onStarship;

    private transient volatile int $hashCode;

    private transient volatile boolean $hashCodeMemoized;

    private transient volatile String $toString;

    public Search(@NotNull String __typename, @Nullable OnCharacter onCharacter,
        @Nullable OnStarship onStarship) {
      this.__typename = __typename;
      this.onCharacter = onCharacter;
      this.onStarship = onStarship;
    }

    @Override
    public boolean equals(Object o) {
      if (o == this) {
        return true;
      }
      if (o instanceof Search) {
        Search that = (Search) o;
        return ((this.__typename == null) ? (that.__typename == null) : this.__typename.equals(that.__typename))
         &&((this.onCharacter == null) ? (that.onCharacter == null) : this.onCharacter.equals(that.onCharacter))
         &&((this.onStarship == null) ? (that.onStarship == null) : this.onStarship.equals(that.onStarship));
      }
      return false;
    }

    @Override
    public int hashCode() {
      if (!$hashCodeMemoized) {
        int h = 1;
        h *= 1000003;
        h ^= (__typename == null) ? 0 : __typename.hashCode();
        h *= 1000003;
        h ^= (onCharacter == null) ? 0 : onCharacter.hashCode();
        h *= 1000003;
        h ^= (onStarship == null) ? 0 : onStarship.hashCode();
        $hashCode = h;
        $hashCodeMemoized = true;
      }
      return $hashCode;
    }

    @Override
    public String toString() {
      if ($toString == null) {
        $toString = "Search{"
          + "__typename=" + __typename + ", "
          + "onCharacter=" + onCharacter + ", "
          + "onStarship=" + onStarship
          + "}";
      }
      return $toString;
    }
  }

  public static class OnCharacter {
    /**
     * The ID of the character
     */
    @NotNull
    public String id;

    /**
     * The name of the character
     */
    @NotNull
    public String name;

    /**
     * The friends of the character, or an empty list if they have none
     */
    @Nullable
    public List<Friend> friends;

    private transient volatile int $hashCode;

    private transient volatile boolean $hashCodeMemoized;

    private transient volatile String $toString;

    public OnCharacter(@NotNull String id, @NotNull String name, @Nullable List<Friend> friends) {
      this.id = id;
      this.name = name;
      this.friends = friends;
    }

    @Override
    public boolean equals(Object o) {
      if (o == this) {
        return true;
      }
      if (o instanceof OnCharacter) {
        OnCharacter that = (OnCharacter) o;
        return ((this.id == null) ? (that.id == null) : this.id.equals(that.id))
         &&((this.name == null) ? (that.name == null) : this.name.equals(that.name))
         &&((this.friends == null) ? (that.friends == null) : this.friends.equals(that.friends));
      }
      return false;
    }

    @Override
    public int hashCode() {
      if (!$hashCodeMemoized) {
        int h = 1;
        h *= 1000003;
        h ^= (id == null) ? 0 : id.hashCode();
        h *= 1000003;
        h ^= (name == null) ? 0 : name.hashCode();
        h *= 1000003;
        h ^= (friends == null) ? 0 : friends.hashCode();
        $hashCode = h;
        $hashCodeMemoized = true;
      }
      return $hashCode;
    }

    @Override
    public String toString() {
      if ($toString == null) {
        $toString = "OnCharacter{"
          + "id=" + id + ", "
          + "name=" + name + ", "
          + "friends=" + friends
          + "}";
      }
      return $toString;
    }
  }

  public static class Friend {
    @NotNull
    public String __typename;

    /**
     * Synthetic field for inline fragment on Character
     */
    @NotNull
    public OnCharacter1 onCharacter;

    /**
     * Synthetic field for inline fragment on Human
     */
    @Nullable
    public OnHuman onHuman;

    /**
     * Synthetic field for inline fragment on Droid
     */
    @Nullable
    public OnDroid onDroid;

    private transient volatile int $hashCode;

    private transient volatile boolean $hashCodeMemoized;

    private transient volatile String $toString;

    public Friend(@NotNull String __typename, @NotNull OnCharacter1 onCharacter,
        @Nullable OnHuman onHuman, @Nullable OnDroid onDroid) {
      this.__typename = __typename;
      this.onCharacter = onCharacter;
      this.onHuman = onHuman;
      this.onDroid = onDroid;
    }

    @Override
    public boolean equals(Object o) {
      if (o == this) {
        return true;
      }
      if (o instanceof Friend) {
        Friend that = (Friend) o;
        return ((this.__typename == null) ? (that.__typename == null) : this.__typename.equals(that.__typename))
         &&((this.onCharacter == null) ? (that.onCharacter == null) : this.onCharacter.equals(that.onCharacter))
         &&((this.onHuman == null) ? (that.onHuman == null) : this.onHuman.equals(that.onHuman))
         &&((this.onDroid == null) ? (that.onDroid == null) : this.onDroid.equals(that.onDroid));
      }
      return false;
    }

    @Override
    public int hashCode() {
      if (!$hashCodeMemoized) {
        int h = 1;
        h *= 1000003;
        h ^= (__typename == null) ? 0 : __typename.hashCode();
        h *= 1000003;
        h ^= (onCharacter == null) ? 0 : onCharacter.hashCode();
        h *= 1000003;
        h ^= (onHuman == null) ? 0 : onHuman.hashCode();
        h *= 1000003;
        h ^= (onDroid == null) ? 0 : onDroid.hashCode();
        $hashCode = h;
        $hashCodeMemoized = true;
      }
      return $hashCode;
    }

    @Override
    public String toString() {
      if ($toString == null) {
        $toString = "Friend{"
          + "__typename=" + __typename + ", "
          + "onCharacter=" + onCharacter + ", "
          + "onHuman=" + onHuman + ", "
          + "onDroid=" + onDroid
          + "}";
      }
      return $toString;
    }
  }

  public static class OnCharacter1 {
    /**
     * The name of the character
     */
    @NotNull
    public String name;

    private transient volatile int $hashCode;

    private transient volatile boolean $hashCodeMemoized;

    private transient volatile String $toString;

    public OnCharacter1(@NotNull String name) {
      this.name = name;
    }

    @Override
    public boolean equals(Object o) {
      if (o == this) {
        return true;
      }
      if (o instanceof OnCharacter1) {
        OnCharacter1 that = (OnCharacter1) o;
        return ((this.name == null) ? (that.name == null) : this.name.equals(that.name));
      }
      return false;
    }

    @Override
    public int hashCode() {
      if (!$hashCodeMemoized) {
        int h = 1;
        h *= 1000003;
        h ^= (name == null) ? 0 : name.hashCode();
        $hashCode = h;
        $hashCodeMemoized = true;
      }
      return $hashCode;
    }

    @Override
    public String toString() {
      if ($toString == null) {
        $toString = "OnCharacter1{"
          + "name=" + name
          + "}";
      }
      return $toString;
    }
  }

  public static class OnHuman {
    /**
     * The home planet of the human, or null if unknown
     */
    @Nullable
    public String homePlanet;

    /**
     * This human's friends, or an empty list if they have none
     */
    @Nullable
    public List<Friend1> friends;

    private transient volatile int $hashCode;

    private transient volatile boolean $hashCodeMemoized;

    private transient volatile String $toString;

    public OnHuman(@Nullable String homePlanet, @Nullable List<Friend1> friends) {
      this.homePlanet = homePlanet;
      this.friends = friends;
    }

    @Override
    public boolean equals(Object o) {
      if (o == this) {
        return true;
      }
      if (o instanceof OnHuman) {
        OnHuman that = (OnHuman) o;
        return ((this.homePlanet == null) ? (that.homePlanet == null) : this.homePlanet.equals(that.homePlanet))
         &&((this.friends == null) ? (that.friends == null) : this.friends.equals(that.friends));
      }
      return false;
    }

    @Override
    public int hashCode() {
      if (!$hashCodeMemoized) {
        int h = 1;
        h *= 1000003;
        h ^= (homePlanet == null) ? 0 : homePlanet.hashCode();
        h *= 1000003;
        h ^= (friends == null) ? 0 : friends.hashCode();
        $hashCode = h;
        $hashCodeMemoized = true;
      }
      return $hashCode;
    }

    @Override
    public String toString() {
      if ($toString == null) {
        $toString = "OnHuman{"
          + "homePlanet=" + homePlanet + ", "
          + "friends=" + friends
          + "}";
      }
      return $toString;
    }
  }

  public static class Friend1 {
    @NotNull
    public String __typename;

    /**
     * Synthetic field for inline fragment on Character
     */
    @NotNull
    public OnCharacter2 onCharacter;

    private transient volatile int $hashCode;

    private transient volatile boolean $hashCodeMemoized;

    private transient volatile String $toString;

    public Friend1(@NotNull String __typename, @NotNull OnCharacter2 onCharacter) {
      this.__typename = __typename;
      this.onCharacter = onCharacter;
    }

    @Override
    public boolean equals(Object o) {
      if (o == this) {
        return true;
      }
      if (o instanceof Friend1) {
        Friend1 that = (Friend1) o;
        return ((this.__typename == null) ? (that.__typename == null) : this.__typename.equals(that.__typename))
         &&((this.onCharacter == null) ? (that.onCharacter == null) : this.onCharacter.equals(that.onCharacter));
      }
      return false;
    }

    @Override
    public int hashCode() {
      if (!$hashCodeMemoized) {
        int h = 1;
        h *= 1000003;
        h ^= (__typename == null) ? 0 : __typename.hashCode();
        h *= 1000003;
        h ^= (onCharacter == null) ? 0 : onCharacter.hashCode();
        $hashCode = h;
        $hashCodeMemoized = true;
      }
      return $hashCode;
    }

    @Override
    public String toString() {
      if ($toString == null) {
        $toString = "Friend1{"
          + "__typename=" + __typename + ", "
          + "onCharacter=" + onCharacter
          + "}";
      }
      return $toString;
    }
  }

  public static class OnCharacter2 {
    /**
     * The movie this character first appears in
     */
    @NotNull
    public Episode firstAppearsIn;

    private transient volatile int $hashCode;

    private transient volatile boolean $hashCodeMemoized;

    private transient volatile String $toString;

    public OnCharacter2(@NotNull Episode firstAppearsIn) {
      this.firstAppearsIn = firstAppearsIn;
    }

    @Override
    public boolean equals(Object o) {
      if (o == this) {
        return true;
      }
      if (o instanceof OnCharacter2) {
        OnCharacter2 that = (OnCharacter2) o;
        return ((this.firstAppearsIn == null) ? (that.firstAppearsIn == null) : this.firstAppearsIn.equals(that.firstAppearsIn));
      }
      return false;
    }

    @Override
    public int hashCode() {
      if (!$hashCodeMemoized) {
        int h = 1;
        h *= 1000003;
        h ^= (firstAppearsIn == null) ? 0 : firstAppearsIn.hashCode();
        $hashCode = h;
        $hashCodeMemoized = true;
      }
      return $hashCode;
    }

    @Override
    public String toString() {
      if ($toString == null) {
        $toString = "OnCharacter2{"
          + "firstAppearsIn=" + firstAppearsIn
          + "}";
      }
      return $toString;
    }
  }

  public static class OnDroid {
    /**
     * This droid's primary function
     */
    @Nullable
    public String primaryFunction;

    /**
     * This droid's friends, or an empty list if they have none
     */
    @Nullable
    public List<Friend2> friends;

    private transient volatile int $hashCode;

    private transient volatile boolean $hashCodeMemoized;

    private transient volatile String $toString;

    public OnDroid(@Nullable String primaryFunction, @Nullable List<Friend2> friends) {
      this.primaryFunction = primaryFunction;
      this.friends = friends;
    }

    @Override
    public boolean equals(Object o) {
      if (o == this) {
        return true;
      }
      if (o instanceof OnDroid) {
        OnDroid that = (OnDroid) o;
        return ((this.primaryFunction == null) ? (that.primaryFunction == null) : this.primaryFunction.equals(that.primaryFunction))
         &&((this.friends == null) ? (that.friends == null) : this.friends.equals(that.friends));
      }
      return false;
    }

    @Override
    public int hashCode() {
      if (!$hashCodeMemoized) {
        int h = 1;
        h *= 1000003;
        h ^= (primaryFunction == null) ? 0 : primaryFunction.hashCode();
        h *= 1000003;
        h ^= (friends == null) ? 0 : friends.hashCode();
        $hashCode = h;
        $hashCodeMemoized = true;
      }
      return $hashCode;
    }

    @Override
    public String toString() {
      if ($toString == null) {
        $toString = "OnDroid{"
          + "primaryFunction=" + primaryFunction + ", "
          + "friends=" + friends
          + "}";
      }
      return $toString;
    }
  }

  public static class Friend2 {
    /**
     * The ID of the character
     */
    @NotNull
    public String id;

    private transient volatile int $hashCode;

    private transient volatile boolean $hashCodeMemoized;

    private transient volatile String $toString;

    public Friend2(@NotNull String id) {
      this.id = id;
    }

    @Override
    public boolean equals(Object o) {
      if (o == this) {
        return true;
      }
      if (o instanceof Friend2) {
        Friend2 that = (Friend2) o;
        return ((this.id == null) ? (that.id == null) : this.id.equals(that.id));
      }
      return false;
    }

    @Override
    public int hashCode() {
      if (!$hashCodeMemoized) {
        int h = 1;
        h *= 1000003;
        h ^= (id == null) ? 0 : id.hashCode();
        $hashCode = h;
        $hashCodeMemoized = true;
      }
      return $hashCode;
    }

    @Override
    public String toString() {
      if ($toString == null) {
        $toString = "Friend2{"
          + "id=" + id
          + "}";
      }
      return $toString;
    }
  }

  public static class OnStarship {
    /**
     * The name of the starship
     */
    @NotNull
    public String name;

    private transient volatile int $hashCode;

    private transient volatile boolean $hashCodeMemoized;

    private transient volatile String $toString;

    public OnStarship(@NotNull String name) {
      this.name = name;
    }

    @Override
    public boolean equals(Object o) {
      if (o == this) {
        return true;
      }
      if (o instanceof OnStarship) {
        OnStarship that = (OnStarship) o;
        return ((this.name == null) ? (that.name == null) : this.name.equals(that.name));
      }
      return false;
    }

    @Override
    public int hashCode() {
      if (!$hashCodeMemoized) {
        int h = 1;
        h *= 1000003;
        h ^= (name == null) ? 0 : name.hashCode();
        $hashCode = h;
        $hashCodeMemoized = true;
      }
      return $hashCode;
    }

    @Override
    public String toString() {
      if ($toString == null) {
        $toString = "OnStarship{"
          + "name=" + name
          + "}";
      }
      return $toString;
    }
  }
}
