//
// AUTO-GENERATED FILE. DO NOT MODIFY.
//
// This class was automatically generated by Apollo GraphQL version '$VERSION'.
//
package com.example.mutation_create_review;

import com.apollographql.apollo3.api.Adapter;
import com.apollographql.apollo3.api.Assertions;
import com.apollographql.apollo3.api.CompiledField;
import com.apollographql.apollo3.api.CustomScalarAdapters;
import com.apollographql.apollo3.api.Mutation;
import com.apollographql.apollo3.api.ObjectAdapter;
import com.apollographql.apollo3.api.json.JsonWriter;
import com.example.mutation_create_review.adapter.CreateReviewForEpisode_ResponseAdapter;
import com.example.mutation_create_review.adapter.CreateReviewForEpisode_VariablesAdapter;
import com.example.mutation_create_review.selections.CreateReviewForEpisodeSelections;
import com.example.mutation_create_review.type.Episode;
import com.example.mutation_create_review.type.ReviewInput;
import java.io.IOException;
import java.lang.Integer;
import java.lang.Object;
import java.lang.Override;
import java.lang.String;
import java.util.Date;
import java.util.List;
import org.jetbrains.annotations.NotNull;
import org.jetbrains.annotations.Nullable;

public class CreateReviewForEpisode implements Mutation<CreateReviewForEpisode.Data> {
  public static final String OPERATION_ID = "b333ec8237cdc346478f07c98169eeb782c4afac1a0a8b94c62dfbcb27275b21";

  /**
   * The minimized GraphQL document being sent to the server to save a few bytes.
   * The un-minimized version is:
   *
   * mutation CreateReviewForEpisode($ep: Episode!, $review: ReviewInput!) {
   *   createReview(episode: $ep, review: $review) {
   *     stars
   *     commentary
   *     listOfListOfString
   *     listOfListOfEnum
   *     listOfListOfCustom
   *     listOfListOfObject {
   *       name
   *     }
   *   }
   * }
   */
  public static final String OPERATION_DOCUMENT = "mutation CreateReviewForEpisode($ep: Episode!, $review: ReviewInput!) { createReview(episode: $ep, review: $review) { stars commentary listOfListOfString listOfListOfEnum listOfListOfCustom listOfListOfObject { name } } }";

  public static final String OPERATION_NAME = "CreateReviewForEpisode";

  @NotNull
  public final Episode ep;

  @NotNull
  public final ReviewInput review;

  private transient volatile int $hashCode;

  private transient volatile boolean $hashCodeMemoized;

  private transient volatile String $toString;

  public CreateReviewForEpisode(@NotNull Episode ep, @NotNull ReviewInput review) {
    this.ep = ep;
    this.review = review;
  }

  @Override
  public boolean equals(Object o) {
    if (o == this) {
      return true;
    }
    if (o instanceof CreateReviewForEpisode) {
      CreateReviewForEpisode that = (CreateReviewForEpisode) o;
      return ((this.ep == null) ? (that.ep == null) : this.ep.equals(that.ep))
       &&((this.review == null) ? (that.review == null) : this.review.equals(that.review));
    }
    return false;
  }

  @Override
  public int hashCode() {
    if (!$hashCodeMemoized) {
      int h = 1;
      h *= 1000003;
      h ^= (ep == null) ? 0 : ep.hashCode();
      h *= 1000003;
      h ^= (review == null) ? 0 : review.hashCode();
      $hashCode = h;
      $hashCodeMemoized = true;
    }
    return $hashCode;
  }

  @Override
  public String toString() {
    if ($toString == null) {
      $toString = "CreateReviewForEpisode{"
        + "ep=" + ep + ", "
        + "review=" + review
        + "}";
    }
    return $toString;
  }

  public static Builder builder() {
    return new Builder();
  }

  @Override
  public String id() {
    return OPERATION_ID;
  }

  @Override
  public String document() {
    return OPERATION_DOCUMENT;
  }

  @Override
  public String name() {
    return OPERATION_NAME;
  }

  @Override
  public void serializeVariables(JsonWriter writer, CustomScalarAdapters customScalarAdapters)
      throws IOException {
    CreateReviewForEpisode_VariablesAdapter.INSTANCE.toJson(writer, customScalarAdapters, this);
  }

  @Override
  public Adapter<Data> adapter() {
    return new ObjectAdapter<Data>(CreateReviewForEpisode_ResponseAdapter.Data.INSTANCE, false);
  }

  @Override
  public CompiledField rootField() {
    return new CompiledField.Builder(
      "data",
      com.example.mutation_create_review.type.Mutation.type
    )
    .selections(CreateReviewForEpisodeSelections.__root)
    .build();
  }

  public static final class Builder {
    private Episode ep;

    private ReviewInput review;

    Builder() {
    }

    public Builder ep(@NotNull Episode ep) {
      this.ep = ep;
      return this;
    }

    public Builder review(@NotNull ReviewInput review) {
      this.review = review;
      return this;
    }

    public CreateReviewForEpisode build() {
      Assertions.checkFieldNotMissing(ep, "ep");
      Assertions.checkFieldNotMissing(review, "review");
      return new CreateReviewForEpisode(ep, review);
    }
  }

  public static class Data implements Mutation.Data {
    @Nullable
    public CreateReview createReview;

    private transient volatile int $hashCode;

    private transient volatile boolean $hashCodeMemoized;

    private transient volatile String $toString;

    public Data(@Nullable CreateReview createReview) {
      this.createReview = createReview;
    }

    @Override
    public boolean equals(Object o) {
      if (o == this) {
        return true;
      }
      if (o instanceof Data) {
        Data that = (Data) o;
        return ((this.createReview == null) ? (that.createReview == null) : this.createReview.equals(that.createReview));
      }
      return false;
    }

    @Override
    public int hashCode() {
      if (!$hashCodeMemoized) {
        int h = 1;
        h *= 1000003;
        h ^= (createReview == null) ? 0 : createReview.hashCode();
        $hashCode = h;
        $hashCodeMemoized = true;
      }
      return $hashCode;
    }

    @Override
    public String toString() {
      if ($toString == null) {
        $toString = "Data{"
          + "createReview=" + createReview
          + "}";
      }
      return $toString;
    }
  }

  public static class CreateReview {
    /**
     * The number of stars this review gave, 1-5
     */
    @NotNull
    public Integer stars;

    /**
     * Comment about the movie
     */
    @Nullable
    public String commentary;

    /**
     * for test purpose only
     */
    @Nullable
    public List<List<String>> listOfListOfString;

    /**
     * for test purpose only
     */
    @Nullable
    public List<List<Episode>> listOfListOfEnum;

    /**
     * for test purpose only
     */
    @Nullable
    public List<List<Date>> listOfListOfCustom;

    /**
     * for test purpose only
     */
    @Nullable
    public List<List<ListOfListOfObject>> listOfListOfObject;

    private transient volatile int $hashCode;

    private transient volatile boolean $hashCodeMemoized;

    private transient volatile String $toString;

    public CreateReview(@NotNull Integer stars, @Nullable String commentary,
        @Nullable List<List<String>> listOfListOfString,
        @Nullable List<List<Episode>> listOfListOfEnum,
        @Nullable List<List<Date>> listOfListOfCustom,
        @Nullable List<List<ListOfListOfObject>> listOfListOfObject) {
      this.stars = stars;
      this.commentary = commentary;
      this.listOfListOfString = listOfListOfString;
      this.listOfListOfEnum = listOfListOfEnum;
      this.listOfListOfCustom = listOfListOfCustom;
      this.listOfListOfObject = listOfListOfObject;
    }

    @Override
    public boolean equals(Object o) {
      if (o == this) {
        return true;
      }
      if (o instanceof CreateReview) {
        CreateReview that = (CreateReview) o;
        return ((this.stars == null) ? (that.stars == null) : this.stars.equals(that.stars))
         &&((this.commentary == null) ? (that.commentary == null) : this.commentary.equals(that.commentary))
         &&((this.listOfListOfString == null) ? (that.listOfListOfString == null) : this.listOfListOfString.equals(that.listOfListOfString))
         &&((this.listOfListOfEnum == null) ? (that.listOfListOfEnum == null) : this.listOfListOfEnum.equals(that.listOfListOfEnum))
         &&((this.listOfListOfCustom == null) ? (that.listOfListOfCustom == null) : this.listOfListOfCustom.equals(that.listOfListOfCustom))
         &&((this.listOfListOfObject == null) ? (that.listOfListOfObject == null) : this.listOfListOfObject.equals(that.listOfListOfObject));
      }
      return false;
    }

    @Override
    public int hashCode() {
      if (!$hashCodeMemoized) {
        int h = 1;
        h *= 1000003;
        h ^= (stars == null) ? 0 : stars.hashCode();
        h *= 1000003;
        h ^= (commentary == null) ? 0 : commentary.hashCode();
        h *= 1000003;
        h ^= (listOfListOfString == null) ? 0 : listOfListOfString.hashCode();
        h *= 1000003;
        h ^= (listOfListOfEnum == null) ? 0 : listOfListOfEnum.hashCode();
        h *= 1000003;
        h ^= (listOfListOfCustom == null) ? 0 : listOfListOfCustom.hashCode();
        h *= 1000003;
        h ^= (listOfListOfObject == null) ? 0 : listOfListOfObject.hashCode();
        $hashCode = h;
        $hashCodeMemoized = true;
      }
      return $hashCode;
    }

    @Override
    public String toString() {
      if ($toString == null) {
        $toString = "CreateReview{"
          + "stars=" + stars + ", "
          + "commentary=" + commentary + ", "
          + "listOfListOfString=" + listOfListOfString + ", "
          + "listOfListOfEnum=" + listOfListOfEnum + ", "
          + "listOfListOfCustom=" + listOfListOfCustom + ", "
          + "listOfListOfObject=" + listOfListOfObject
          + "}";
      }
      return $toString;
    }
  }

  public static class ListOfListOfObject {
    /**
     * The name of the character
     */
    @NotNull
    public String name;

    private transient volatile int $hashCode;

    private transient volatile boolean $hashCodeMemoized;

    private transient volatile String $toString;

    public ListOfListOfObject(@NotNull String name) {
      this.name = name;
    }

    @Override
    public boolean equals(Object o) {
      if (o == this) {
        return true;
      }
      if (o instanceof ListOfListOfObject) {
        ListOfListOfObject that = (ListOfListOfObject) o;
        return ((this.name == null) ? (that.name == null) : this.name.equals(that.name));
      }
      return false;
    }

    @Override
    public int hashCode() {
      if (!$hashCodeMemoized) {
        int h = 1;
        h *= 1000003;
        h ^= (name == null) ? 0 : name.hashCode();
        $hashCode = h;
        $hashCodeMemoized = true;
      }
      return $hashCode;
    }

    @Override
    public String toString() {
      if ($toString == null) {
        $toString = "ListOfListOfObject{"
          + "name=" + name
          + "}";
      }
      return $toString;
    }
  }
}
