//
// AUTO-GENERATED FILE. DO NOT MODIFY.
//
// This class was automatically generated by Apollo GraphQL version '$VERSION'.
//
package com.example.target_name;

import com.apollographql.apollo3.api.Adapter;
import com.apollographql.apollo3.api.Assertions;
import com.apollographql.apollo3.api.CompiledField;
import com.apollographql.apollo3.api.CustomScalarAdapters;
import com.apollographql.apollo3.api.ObjectAdapter;
import com.apollographql.apollo3.api.Optional;
import com.apollographql.apollo3.api.Query;
import com.apollographql.apollo3.api.json.JsonWriter;
import com.example.target_name.adapter.TestQuery_ResponseAdapter;
import com.example.target_name.adapter.TestQuery_VariablesAdapter;
import com.example.target_name.selections.TestQuerySelections;
import com.example.target_name.type.renamedEnum;
import com.example.target_name.type.renamedInput;
import java.io.IOException;
import java.lang.Override;
import java.lang.String;
import org.jetbrains.annotations.NotNull;
import org.jetbrains.annotations.Nullable;

public class TestQuery implements Query<TestQuery.Data> {
  public static final String OPERATION_ID = "42f2acf77ef3db730fa970cbbba1ca04133fcea023d8355d4eb0c27ebe51e30f";

  /**
   * The minimized GraphQL document being sent to the server to save a few bytes.
   * The un-minimized version is:
   *
   * query TestQuery($input: ReservedInput, $scalar: ReservedScalar, $enum: ReservedEnum) {
   *   object(input: $input) {
   *     field
   *   }
   *   interface {
   *     field
   *   }
   *   union {
   *     __typename
   *     ... on ReservedObject {
   *       field
   *     }
   *   }
   *   scalar(scalar: $scalar)
   *   enum(enum: $enum)
   * }
   */
  public static final String OPERATION_DOCUMENT = "query TestQuery($input: ReservedInput, $scalar: ReservedScalar, $enum: ReservedEnum) { object(input: $input) { field } interface { field } union { __typename ... on ReservedObject { field } } scalar(scalar: $scalar) enum(enum: $enum) }";

  public static final String OPERATION_NAME = "TestQuery";

  @NotNull
  public final Optional<renamedInput> input;

  @NotNull
  public final Optional<java.lang.Object> scalar;

  @NotNull
  public final Optional<renamedEnum> enum_;

  private transient volatile int $hashCode;

  private transient volatile boolean $hashCodeMemoized;

  private transient volatile String $toString;

  public TestQuery(@NotNull Optional<renamedInput> input,
      @NotNull Optional<java.lang.Object> scalar, @NotNull Optional<renamedEnum> enum_) {
    this.input = input;
    this.scalar = scalar;
    this.enum_ = enum_;
  }

  @Override
  public boolean equals(java.lang.Object o) {
    if (o == this) {
      return true;
    }
    if (o instanceof TestQuery) {
      TestQuery that = (TestQuery) o;
      return ((this.input == null) ? (that.input == null) : this.input.equals(that.input))
       &&((this.scalar == null) ? (that.scalar == null) : this.scalar.equals(that.scalar))
       &&((this.enum_ == null) ? (that.enum_ == null) : this.enum_.equals(that.enum_));
    }
    return false;
  }

  @Override
  public int hashCode() {
    if (!$hashCodeMemoized) {
      int h = 1;
      h *= 1000003;
      h ^= (input == null) ? 0 : input.hashCode();
      h *= 1000003;
      h ^= (scalar == null) ? 0 : scalar.hashCode();
      h *= 1000003;
      h ^= (enum_ == null) ? 0 : enum_.hashCode();
      $hashCode = h;
      $hashCodeMemoized = true;
    }
    return $hashCode;
  }

  @Override
  public String toString() {
    if ($toString == null) {
      $toString = "TestQuery{"
        + "input=" + input + ", "
        + "scalar=" + scalar + ", "
        + "enum_=" + enum_
        + "}";
    }
    return $toString;
  }

  public static Builder builder() {
    return new Builder();
  }

  @Override
  public String id() {
    return OPERATION_ID;
  }

  @Override
  public String document() {
    return OPERATION_DOCUMENT;
  }

  @Override
  public String name() {
    return OPERATION_NAME;
  }

  @Override
  public void serializeVariables(JsonWriter writer, CustomScalarAdapters customScalarAdapters)
      throws IOException {
    TestQuery_VariablesAdapter.INSTANCE.toJson(writer, customScalarAdapters, this);
  }

  @Override
  public Adapter<Data> adapter() {
    return new ObjectAdapter<Data>(TestQuery_ResponseAdapter.Data.INSTANCE, false);
  }

  @Override
  public CompiledField rootField() {
    return new CompiledField.Builder(
      "data",
      com.example.target_name.type.Query.type
    )
    .selections(TestQuerySelections.__root)
    .build();
  }

  public static final class Builder {
    private Optional<renamedInput> input;

    private Optional<java.lang.Object> scalar;

    private Optional<renamedEnum> enum_;

    Builder() {
    }

    public Builder input(@Nullable renamedInput input) {
      this.input = Optional.presentIfNotNull(input);
      return this;
    }

    public Builder scalar(@Nullable java.lang.Object scalar) {
      this.scalar = Optional.presentIfNotNull(scalar);
      return this;
    }

    public Builder enum_(@Nullable renamedEnum enum_) {
      this.enum_ = Optional.presentIfNotNull(enum_);
      return this;
    }

    public TestQuery build() {
      Assertions.checkFieldNotMissing(input, "input");
      Assertions.checkFieldNotMissing(scalar, "scalar");
      Assertions.checkFieldNotMissing(enum_, "enum_");
      return new TestQuery(input, scalar, enum_);
    }
  }

  public static class Data implements Query.Data {
    @Nullable
    public Object object;

    @Nullable
    public Interface interface_;

    @Nullable
    public Union union;

    @Nullable
    public java.lang.Object scalar;

    @Nullable
    public renamedEnum enum_;

    private transient volatile int $hashCode;

    private transient volatile boolean $hashCodeMemoized;

    private transient volatile String $toString;

    public Data(@Nullable Object object, @Nullable Interface interface_, @Nullable Union union,
        @Nullable java.lang.Object scalar, @Nullable renamedEnum enum_) {
      this.object = object;
      this.interface_ = interface_;
      this.union = union;
      this.scalar = scalar;
      this.enum_ = enum_;
    }

    @Override
    public boolean equals(java.lang.Object o) {
      if (o == this) {
        return true;
      }
      if (o instanceof Data) {
        Data that = (Data) o;
        return ((this.object == null) ? (that.object == null) : this.object.equals(that.object))
         &&((this.interface_ == null) ? (that.interface_ == null) : this.interface_.equals(that.interface_))
         &&((this.union == null) ? (that.union == null) : this.union.equals(that.union))
         &&((this.scalar == null) ? (that.scalar == null) : this.scalar.equals(that.scalar))
         &&((this.enum_ == null) ? (that.enum_ == null) : this.enum_.equals(that.enum_));
      }
      return false;
    }

    @Override
    public int hashCode() {
      if (!$hashCodeMemoized) {
        int h = 1;
        h *= 1000003;
        h ^= (object == null) ? 0 : object.hashCode();
        h *= 1000003;
        h ^= (interface_ == null) ? 0 : interface_.hashCode();
        h *= 1000003;
        h ^= (union == null) ? 0 : union.hashCode();
        h *= 1000003;
        h ^= (scalar == null) ? 0 : scalar.hashCode();
        h *= 1000003;
        h ^= (enum_ == null) ? 0 : enum_.hashCode();
        $hashCode = h;
        $hashCodeMemoized = true;
      }
      return $hashCode;
    }

    @Override
    public String toString() {
      if ($toString == null) {
        $toString = "Data{"
          + "object=" + object + ", "
          + "interface_=" + interface_ + ", "
          + "union=" + union + ", "
          + "scalar=" + scalar + ", "
          + "enum_=" + enum_
          + "}";
      }
      return $toString;
    }
  }

  public static class Object {
    @Nullable
    public String field;

    private transient volatile int $hashCode;

    private transient volatile boolean $hashCodeMemoized;

    private transient volatile String $toString;

    public Object(@Nullable String field) {
      this.field = field;
    }

    @Override
    public boolean equals(java.lang.Object o) {
      if (o == this) {
        return true;
      }
      if (o instanceof Object) {
        Object that = (Object) o;
        return ((this.field == null) ? (that.field == null) : this.field.equals(that.field));
      }
      return false;
    }

    @Override
    public int hashCode() {
      if (!$hashCodeMemoized) {
        int h = 1;
        h *= 1000003;
        h ^= (field == null) ? 0 : field.hashCode();
        $hashCode = h;
        $hashCodeMemoized = true;
      }
      return $hashCode;
    }

    @Override
    public String toString() {
      if ($toString == null) {
        $toString = "Object{"
          + "field=" + field
          + "}";
      }
      return $toString;
    }
  }

  public static class Interface {
    @Nullable
    public String field;

    private transient volatile int $hashCode;

    private transient volatile boolean $hashCodeMemoized;

    private transient volatile String $toString;

    public Interface(@Nullable String field) {
      this.field = field;
    }

    @Override
    public boolean equals(java.lang.Object o) {
      if (o == this) {
        return true;
      }
      if (o instanceof Interface) {
        Interface that = (Interface) o;
        return ((this.field == null) ? (that.field == null) : this.field.equals(that.field));
      }
      return false;
    }

    @Override
    public int hashCode() {
      if (!$hashCodeMemoized) {
        int h = 1;
        h *= 1000003;
        h ^= (field == null) ? 0 : field.hashCode();
        $hashCode = h;
        $hashCodeMemoized = true;
      }
      return $hashCode;
    }

    @Override
    public String toString() {
      if ($toString == null) {
        $toString = "Interface{"
          + "field=" + field
          + "}";
      }
      return $toString;
    }
  }

  public static class Union {
    @NotNull
    public String __typename;

    /**
     * Synthetic field for inline fragment on ReservedObject
     */
    @Nullable
    public OnReservedObject onReservedObject;

    private transient volatile int $hashCode;

    private transient volatile boolean $hashCodeMemoized;

    private transient volatile String $toString;

    public Union(@NotNull String __typename, @Nullable OnReservedObject onReservedObject) {
      this.__typename = __typename;
      this.onReservedObject = onReservedObject;
    }

    @Override
    public boolean equals(java.lang.Object o) {
      if (o == this) {
        return true;
      }
      if (o instanceof Union) {
        Union that = (Union) o;
        return ((this.__typename == null) ? (that.__typename == null) : this.__typename.equals(that.__typename))
         &&((this.onReservedObject == null) ? (that.onReservedObject == null) : this.onReservedObject.equals(that.onReservedObject));
      }
      return false;
    }

    @Override
    public int hashCode() {
      if (!$hashCodeMemoized) {
        int h = 1;
        h *= 1000003;
        h ^= (__typename == null) ? 0 : __typename.hashCode();
        h *= 1000003;
        h ^= (onReservedObject == null) ? 0 : onReservedObject.hashCode();
        $hashCode = h;
        $hashCodeMemoized = true;
      }
      return $hashCode;
    }

    @Override
    public String toString() {
      if ($toString == null) {
        $toString = "Union{"
          + "__typename=" + __typename + ", "
          + "onReservedObject=" + onReservedObject
          + "}";
      }
      return $toString;
    }
  }

  public static class OnReservedObject {
    @Nullable
    public String field;

    private transient volatile int $hashCode;

    private transient volatile boolean $hashCodeMemoized;

    private transient volatile String $toString;

    public OnReservedObject(@Nullable String field) {
      this.field = field;
    }

    @Override
    public boolean equals(java.lang.Object o) {
      if (o == this) {
        return true;
      }
      if (o instanceof OnReservedObject) {
        OnReservedObject that = (OnReservedObject) o;
        return ((this.field == null) ? (that.field == null) : this.field.equals(that.field));
      }
      return false;
    }

    @Override
    public int hashCode() {
      if (!$hashCodeMemoized) {
        int h = 1;
        h *= 1000003;
        h ^= (field == null) ? 0 : field.hashCode();
        $hashCode = h;
        $hashCodeMemoized = true;
      }
      return $hashCode;
    }

    @Override
    public String toString() {
      if ($toString == null) {
        $toString = "OnReservedObject{"
          + "field=" + field
          + "}";
      }
      return $toString;
    }
  }
}
