//
// AUTO-GENERATED FILE. DO NOT MODIFY.
//
// This class was automatically generated by Apollo GraphQL version '$VERSION'.
//
package com.example.simple_target_name;

import com.apollographql.apollo3.api.Adapter;
import com.apollographql.apollo3.api.Assertions;
import com.apollographql.apollo3.api.CompiledField;
import com.apollographql.apollo3.api.CustomScalarAdapters;
import com.apollographql.apollo3.api.ObjectAdapter;
import com.apollographql.apollo3.api.Query;
import com.apollographql.apollo3.api.json.JsonWriter;
import com.example.simple_target_name.adapter.TestQuery_ResponseAdapter;
import com.example.simple_target_name.selections.TestQuerySelections;
import java.io.IOException;
import java.lang.Override;
import java.lang.String;
import org.jetbrains.annotations.NotNull;
import org.jetbrains.annotations.Nullable;

public class TestQuery implements Query<TestQuery.Data> {
  public static final String OPERATION_ID = "f11b88ac47eb9ef9d1c343cdf4cf0304c341f80b6c6f66fd8063cadd9435337b";

  /**
   * The minimized GraphQL document being sent to the server to save a few bytes.
   * The un-minimized version is:
   *
   * query TestQuery {
   *   scalar
   *   object {
   *     a
   *   }
   *   object2 {
   *     a
   *   }
   * }
   */
  public static final String OPERATION_DOCUMENT = "query TestQuery { scalar object { a } object2 { a } }";

  public static final String OPERATION_NAME = "TestQuery";

  private transient volatile int $hashCode;

  private transient volatile boolean $hashCodeMemoized;

  private transient volatile String $toString;

  public TestQuery() {

  }

  @Override
  public boolean equals(java.lang.Object o) {
    if (o == this) {
      return true;
    }
    if (o instanceof TestQuery) {
      return true;
    }
    return false;
  }

  @Override
  public int hashCode() {
    if (!$hashCodeMemoized) {
      int h = 1;
      $hashCode = h;
      $hashCodeMemoized = true;
    }
    return $hashCode;
  }

  @Override
  public String toString() {
    if ($toString == null) {
      $toString = "TestQuery{"
        + "}";
    }
    return $toString;
  }

  public static Builder builder() {
    return new Builder();
  }

  @Override
  public String id() {
    return OPERATION_ID;
  }

  @Override
  public String document() {
    return OPERATION_DOCUMENT;
  }

  @Override
  public String name() {
    return OPERATION_NAME;
  }

  @Override
  public void serializeVariables(JsonWriter writer, CustomScalarAdapters customScalarAdapters)
      throws IOException {
    // This operation doesn't have any variable
  }

  @Override
  public Adapter<Data> adapter() {
    return new ObjectAdapter<Data>(TestQuery_ResponseAdapter.Data.INSTANCE, false);
  }

  @Override
  public CompiledField rootField() {
    return new CompiledField.Builder(
      "data",
      com.example.simple_target_name.type.Query.type
    )
    .selections(TestQuerySelections.__root)
    .build();
  }

  public static final class Builder {
    Builder() {
    }

    public TestQuery build() {
      return new TestQuery();
    }
  }

  public static class Data implements Query.Data {
    /**
     * This type is a scalar.
     */
    @Nullable
    public java.lang.Object scalar;

    /**
     * This type is an object.
     */
    @Nullable
    public Object object;

    @NotNull
    public Object2 object2;

    private transient volatile int $hashCode;

    private transient volatile boolean $hashCodeMemoized;

    private transient volatile String $toString;

    public Data(@Nullable java.lang.Object scalar, @Nullable Object object,
        @NotNull Object2 object2) {
      this.scalar = scalar;
      this.object = object;
      this.object2 = object2;
    }

    @Override
    public boolean equals(java.lang.Object o) {
      if (o == this) {
        return true;
      }
      if (o instanceof Data) {
        Data that = (Data) o;
        return ((this.scalar == null) ? (that.scalar == null) : this.scalar.equals(that.scalar))
         &&((this.object == null) ? (that.object == null) : this.object.equals(that.object))
         &&((this.object2 == null) ? (that.object2 == null) : this.object2.equals(that.object2));
      }
      return false;
    }

    @Override
    public int hashCode() {
      if (!$hashCodeMemoized) {
        int h = 1;
        h *= 1000003;
        h ^= (scalar == null) ? 0 : scalar.hashCode();
        h *= 1000003;
        h ^= (object == null) ? 0 : object.hashCode();
        h *= 1000003;
        h ^= (object2 == null) ? 0 : object2.hashCode();
        $hashCode = h;
        $hashCodeMemoized = true;
      }
      return $hashCode;
    }

    @Override
    public String toString() {
      if ($toString == null) {
        $toString = "Data{"
          + "scalar=" + scalar + ", "
          + "object=" + object + ", "
          + "object2=" + object2
          + "}";
      }
      return $toString;
    }

    public Builder toBuilder() {
      Builder builder = new Builder();
      builder.scalar = scalar;
      builder.object = object;
      builder.object2 = object2;
      return builder;
    }

    public static Builder builder() {
      return new Builder();
    }

    public static final class Builder {
      private java.lang.Object scalar;

      private Object object;

      private Object2 object2;

      Builder() {
      }

      /**
       * This type is a scalar.
       */
      public Builder scalar(@Nullable java.lang.Object scalar) {
        this.scalar = scalar;
        return this;
      }

      /**
       * This type is an object.
       */
      public Builder object(@Nullable Object object) {
        this.object = object;
        return this;
      }

      public Builder object2(@NotNull Object2 object2) {
        this.object2 = object2;
        return this;
      }

      public Data build() {
        Assertions.checkFieldNotMissing(object2, "object2");
        return new Data(scalar, object, object2);
      }
    }
  }

  public static class Object {
    @Nullable
    public String a;

    private transient volatile int $hashCode;

    private transient volatile boolean $hashCodeMemoized;

    private transient volatile String $toString;

    public Object(@Nullable String a) {
      this.a = a;
    }

    @Override
    public boolean equals(java.lang.Object o) {
      if (o == this) {
        return true;
      }
      if (o instanceof Object) {
        Object that = (Object) o;
        return ((this.a == null) ? (that.a == null) : this.a.equals(that.a));
      }
      return false;
    }

    @Override
    public int hashCode() {
      if (!$hashCodeMemoized) {
        int h = 1;
        h *= 1000003;
        h ^= (a == null) ? 0 : a.hashCode();
        $hashCode = h;
        $hashCodeMemoized = true;
      }
      return $hashCode;
    }

    @Override
    public String toString() {
      if ($toString == null) {
        $toString = "Object{"
          + "a=" + a
          + "}";
      }
      return $toString;
    }

    public Builder toBuilder() {
      Builder builder = new Builder();
      builder.a = a;
      return builder;
    }

    public static Builder builder() {
      return new Builder();
    }

    public static final class Builder {
      private String a;

      Builder() {
      }

      public Builder a(@Nullable String a) {
        this.a = a;
        return this;
      }

      public Object build() {
        return new Object(a);
      }
    }
  }

  public static class Object2 {
    @Nullable
    public String a;

    private transient volatile int $hashCode;

    private transient volatile boolean $hashCodeMemoized;

    private transient volatile String $toString;

    public Object2(@Nullable String a) {
      this.a = a;
    }

    @Override
    public boolean equals(java.lang.Object o) {
      if (o == this) {
        return true;
      }
      if (o instanceof Object2) {
        Object2 that = (Object2) o;
        return ((this.a == null) ? (that.a == null) : this.a.equals(that.a));
      }
      return false;
    }

    @Override
    public int hashCode() {
      if (!$hashCodeMemoized) {
        int h = 1;
        h *= 1000003;
        h ^= (a == null) ? 0 : a.hashCode();
        $hashCode = h;
        $hashCodeMemoized = true;
      }
      return $hashCode;
    }

    @Override
    public String toString() {
      if ($toString == null) {
        $toString = "Object2{"
          + "a=" + a
          + "}";
      }
      return $toString;
    }

    public Builder toBuilder() {
      Builder builder = new Builder();
      builder.a = a;
      return builder;
    }

    public static Builder builder() {
      return new Builder();
    }

    public static final class Builder {
      private String a;

      Builder() {
      }

      public Builder a(@Nullable String a) {
        this.a = a;
        return this;
      }

      public Object2 build() {
        return new Object2(a);
      }
    }
  }
}
