//
// AUTO-GENERATED FILE. DO NOT MODIFY.
//
// This class was automatically generated by Apollo GraphQL version '$VERSION'.
//
package com.example.fragments_with_defer_and_include_directives.selections

import com.apollographql.apollo3.api.CompiledArgument
import com.apollographql.apollo3.api.CompiledCondition
import com.apollographql.apollo3.api.CompiledDirective
import com.apollographql.apollo3.api.CompiledField
import com.apollographql.apollo3.api.CompiledFragment
import com.apollographql.apollo3.api.CompiledSelection
import com.apollographql.apollo3.api.CompiledVariable
import com.apollographql.apollo3.api.notNull
import com.example.fragments_with_defer_and_include_directives.type.Character
import com.example.fragments_with_defer_and_include_directives.type.GraphQLID
import com.example.fragments_with_defer_and_include_directives.type.GraphQLString
import kotlin.collections.List

public object InlineMultipleWithDeferAndIncludeSelections {
  private val __onDroid: List<CompiledSelection> = listOf(
        CompiledField.Builder(
          name = "name",
          type = GraphQLString.type.notNull()
        ).build()
      )

  private val __onDroid1: List<CompiledSelection> = listOf(
        CompiledField.Builder(
          name = "id",
          type = GraphQLID.type.notNull()
        ).build()
      )

  private val __onDroid2: List<CompiledSelection> = listOf(
        CompiledField.Builder(
          name = "name",
          type = GraphQLString.type.notNull()
        ).build()
      )

  private val __onDroid3: List<CompiledSelection> = listOf(
        CompiledField.Builder(
          name = "id",
          type = GraphQLID.type.notNull()
        ).build()
      )

  private val __onDroid4: List<CompiledSelection> = listOf(
        CompiledField.Builder(
          name = "name",
          type = GraphQLString.type.notNull()
        ).build()
      )

  private val __onDroid5: List<CompiledSelection> = listOf(
        CompiledField.Builder(
          name = "id",
          type = GraphQLID.type.notNull()
        ).build()
      )

  private val __hero: List<CompiledSelection> = listOf(
        CompiledField.Builder(
          name = "__typename",
          type = GraphQLString.type.notNull()
        ).build(),
        CompiledFragment.Builder(
          typeCondition = "Droid",
          possibleTypes = listOf("Droid")
        ).condition(listOf(CompiledCondition("cond1", false)))
        .selections(__onDroid)
        .directives(listOf(
          CompiledDirective(name = "include", arguments = listOf(
            CompiledArgument.Builder("if", CompiledVariable("cond1")).build()
          ))
        ))
        .build(),
        CompiledFragment.Builder(
          typeCondition = "Droid",
          possibleTypes = listOf("Droid")
        ).condition(listOf(CompiledCondition("cond2", true)))
        .selections(__onDroid1)
        .directives(listOf(
          CompiledDirective(name = "skip", arguments = listOf(
            CompiledArgument.Builder("if", CompiledVariable("cond2")).build()
          ))
        ))
        .build(),
        CompiledFragment.Builder(
          typeCondition = "Droid",
          possibleTypes = listOf("Droid")
        ).selections(__onDroid2)
        .directives(listOf(
          CompiledDirective(name = "defer", arguments = listOf(
            CompiledArgument.Builder("label", "e_first").build()
          ))
        ))
        .build(),
        CompiledFragment.Builder(
          typeCondition = "Droid",
          possibleTypes = listOf("Droid")
        ).selections(__onDroid3)
        .directives(listOf(
          CompiledDirective(name = "defer", arguments = listOf(
            CompiledArgument.Builder("label", "e_second").build()
          ))
        ))
        .build(),
        CompiledFragment.Builder(
          typeCondition = "Droid",
          possibleTypes = listOf("Droid")
        ).condition(listOf(CompiledCondition("cond3", false)))
        .selections(__onDroid4)
        .directives(listOf(
          CompiledDirective(name = "defer", arguments = listOf(
            CompiledArgument.Builder("label", "e_third").build()
          )),
          CompiledDirective(name = "include", arguments = listOf(
            CompiledArgument.Builder("if", CompiledVariable("cond3")).build()
          ))
        ))
        .build(),
        CompiledFragment.Builder(
          typeCondition = "Droid",
          possibleTypes = listOf("Droid")
        ).condition(listOf(CompiledCondition("cond4", true)))
        .selections(__onDroid5)
        .directives(listOf(
          CompiledDirective(name = "defer", arguments = listOf(
            CompiledArgument.Builder("label", "e_fourth").build()
          )),
          CompiledDirective(name = "skip", arguments = listOf(
            CompiledArgument.Builder("if", CompiledVariable("cond4")).build()
          ))
        ))
        .build()
      )

  public val __root: List<CompiledSelection> = listOf(
        CompiledField.Builder(
          name = "hero",
          type = Character.type
        ).selections(__hero)
        .build()
      )
}
