//
// AUTO-GENERATED FILE. DO NOT MODIFY.
//
// This class was automatically generated by Apollo GraphQL version '$VERSION'.
//
package com.example.simple_target_name.type;

import com.apollographql.apollo3.api.CustomScalarType;

public class Scalar {
  public static CustomScalarType type = new CustomScalarType("Scalar", "java.lang.Object");
}
