//
// AUTO-GENERATED FILE. DO NOT MODIFY.
//
// This class was automatically generated by Apollo GraphQL version '$VERSION'.
//
package com.example.simple_fragment_with_inline_fragments.fragment;

import com.apollographql.apollo3.api.Fragment;
import java.lang.Double;
import java.lang.Object;
import java.lang.Override;
import java.lang.String;
import java.util.List;
import org.jetbrains.annotations.NotNull;
import org.jetbrains.annotations.Nullable;

public class HeroDetails implements Fragment.Data {
  /**
   * The name of the character
   */
  @NotNull
  public String name;

  /**
   * The friends of the character, or an empty list if they have none
   */
  @Nullable
  public List<Friend> friends;

  private transient volatile int $hashCode;

  private transient volatile boolean $hashCodeMemoized;

  private transient volatile String $toString;

  public HeroDetails(@NotNull String name, @Nullable List<Friend> friends) {
    this.name = name;
    this.friends = friends;
  }

  @Override
  public boolean equals(Object o) {
    if (o == this) {
      return true;
    }
    if (o instanceof HeroDetails) {
      HeroDetails that = (HeroDetails) o;
      return ((this.name == null) ? (that.name == null) : this.name.equals(that.name))
       &&((this.friends == null) ? (that.friends == null) : this.friends.equals(that.friends));
    }
    return false;
  }

  @Override
  public int hashCode() {
    if (!$hashCodeMemoized) {
      int h = 1;
      h *= 1000003;
      h ^= (name == null) ? 0 : name.hashCode();
      h *= 1000003;
      h ^= (friends == null) ? 0 : friends.hashCode();
      $hashCode = h;
      $hashCodeMemoized = true;
    }
    return $hashCode;
  }

  @Override
  public String toString() {
    if ($toString == null) {
      $toString = "HeroDetails{"
        + "name=" + name + ", "
        + "friends=" + friends
        + "}";
    }
    return $toString;
  }

  public static class Friend {
    @NotNull
    public String __typename;

    /**
     * The name of the character
     */
    @NotNull
    public String name;

    /**
     * Synthetic field for inline fragment on Human
     */
    @Nullable
    public OnHuman onHuman;

    /**
     * Synthetic field for inline fragment on Droid
     */
    @Nullable
    public OnDroid onDroid;

    private transient volatile int $hashCode;

    private transient volatile boolean $hashCodeMemoized;

    private transient volatile String $toString;

    public Friend(@NotNull String __typename, @NotNull String name, @Nullable OnHuman onHuman,
        @Nullable OnDroid onDroid) {
      this.__typename = __typename;
      this.name = name;
      this.onHuman = onHuman;
      this.onDroid = onDroid;
    }

    @Override
    public boolean equals(Object o) {
      if (o == this) {
        return true;
      }
      if (o instanceof Friend) {
        Friend that = (Friend) o;
        return ((this.__typename == null) ? (that.__typename == null) : this.__typename.equals(that.__typename))
         &&((this.name == null) ? (that.name == null) : this.name.equals(that.name))
         &&((this.onHuman == null) ? (that.onHuman == null) : this.onHuman.equals(that.onHuman))
         &&((this.onDroid == null) ? (that.onDroid == null) : this.onDroid.equals(that.onDroid));
      }
      return false;
    }

    @Override
    public int hashCode() {
      if (!$hashCodeMemoized) {
        int h = 1;
        h *= 1000003;
        h ^= (__typename == null) ? 0 : __typename.hashCode();
        h *= 1000003;
        h ^= (name == null) ? 0 : name.hashCode();
        h *= 1000003;
        h ^= (onHuman == null) ? 0 : onHuman.hashCode();
        h *= 1000003;
        h ^= (onDroid == null) ? 0 : onDroid.hashCode();
        $hashCode = h;
        $hashCodeMemoized = true;
      }
      return $hashCode;
    }

    @Override
    public String toString() {
      if ($toString == null) {
        $toString = "Friend{"
          + "__typename=" + __typename + ", "
          + "name=" + name + ", "
          + "onHuman=" + onHuman + ", "
          + "onDroid=" + onDroid
          + "}";
      }
      return $toString;
    }
  }

  public static class OnHuman {
    /**
     * Height in the preferred unit, default is meters
     */
    @Nullable
    public Double height;

    private transient volatile int $hashCode;

    private transient volatile boolean $hashCodeMemoized;

    private transient volatile String $toString;

    public OnHuman(@Nullable Double height) {
      this.height = height;
    }

    @Override
    public boolean equals(Object o) {
      if (o == this) {
        return true;
      }
      if (o instanceof OnHuman) {
        OnHuman that = (OnHuman) o;
        return ((this.height == null) ? (that.height == null) : this.height.equals(that.height));
      }
      return false;
    }

    @Override
    public int hashCode() {
      if (!$hashCodeMemoized) {
        int h = 1;
        h *= 1000003;
        h ^= (height == null) ? 0 : height.hashCode();
        $hashCode = h;
        $hashCodeMemoized = true;
      }
      return $hashCode;
    }

    @Override
    public String toString() {
      if ($toString == null) {
        $toString = "OnHuman{"
          + "height=" + height
          + "}";
      }
      return $toString;
    }
  }

  public static class OnDroid {
    /**
     * This droid's primary function
     */
    @Nullable
    public String primaryFunction;

    private transient volatile int $hashCode;

    private transient volatile boolean $hashCodeMemoized;

    private transient volatile String $toString;

    public OnDroid(@Nullable String primaryFunction) {
      this.primaryFunction = primaryFunction;
    }

    @Override
    public boolean equals(Object o) {
      if (o == this) {
        return true;
      }
      if (o instanceof OnDroid) {
        OnDroid that = (OnDroid) o;
        return ((this.primaryFunction == null) ? (that.primaryFunction == null) : this.primaryFunction.equals(that.primaryFunction));
      }
      return false;
    }

    @Override
    public int hashCode() {
      if (!$hashCodeMemoized) {
        int h = 1;
        h *= 1000003;
        h ^= (primaryFunction == null) ? 0 : primaryFunction.hashCode();
        $hashCode = h;
        $hashCodeMemoized = true;
      }
      return $hashCode;
    }

    @Override
    public String toString() {
      if ($toString == null) {
        $toString = "OnDroid{"
          + "primaryFunction=" + primaryFunction
          + "}";
      }
      return $toString;
    }
  }
}
