//
// AUTO-GENERATED FILE. DO NOT MODIFY.
//
// This class was automatically generated by Apollo GraphQL version '$VERSION'.
//
package com.example.nested_named_fragments;

import com.apollographql.apollo3.api.Adapter;
import com.apollographql.apollo3.api.CompiledField;
import com.apollographql.apollo3.api.CustomScalarAdapters;
import com.apollographql.apollo3.api.ObjectAdapter;
import com.apollographql.apollo3.api.Query;
import com.apollographql.apollo3.api.json.JsonWriter;
import com.example.nested_named_fragments.adapter.AllStarships_ResponseAdapter;
import com.example.nested_named_fragments.fragment.StarshipFragment;
import com.example.nested_named_fragments.selections.AllStarshipsSelections;
import com.example.nested_named_fragments.type.Root;
import java.io.IOException;
import java.lang.Object;
import java.lang.Override;
import java.lang.String;
import java.util.List;
import org.jetbrains.annotations.NotNull;
import org.jetbrains.annotations.Nullable;

public class AllStarships implements Query<AllStarships.Data> {
  public static final String OPERATION_ID = "a76ec26a83546f1113b4f2d763d67118a12a70958ef57d44d3f33dedaf90ff72";

  /**
   * The minimized GraphQL document being sent to the server to save a few bytes.
   * The un-minimized version is:
   *
   * query AllStarships {
   *   allStarships(first: 7) {
   *     edges {
   *       node {
   *         __typename
   *         ...starshipFragment
   *       }
   *     }
   *   }
   * }
   *
   * fragment planetFragment on Planet {
   *   name
   * }
   *
   * fragment pilotFragment on Person {
   *   name
   *   homeworld {
   *     __typename
   *     ...planetFragment
   *   }
   * }
   *
   * fragment starshipFragment on Starship {
   *   id
   *   name
   *   pilotConnection {
   *     edges {
   *       node {
   *         __typename
   *         ...pilotFragment
   *       }
   *     }
   *   }
   * }
   */
  public static final String OPERATION_DOCUMENT = "query AllStarships { allStarships(first: 7) { edges { node { __typename ...starshipFragment } } } }  fragment planetFragment on Planet { name }  fragment pilotFragment on Person { name homeworld { __typename ...planetFragment } }  fragment starshipFragment on Starship { id name pilotConnection { edges { node { __typename ...pilotFragment } } } }";

  public static final String OPERATION_NAME = "AllStarships";

  private transient volatile int $hashCode;

  private transient volatile boolean $hashCodeMemoized;

  private transient volatile String $toString;

  public AllStarships() {

  }

  @Override
  public boolean equals(Object o) {
    if (o == this) {
      return true;
    }
    if (o instanceof AllStarships) {
      return true;
    }
    return false;
  }

  @Override
  public int hashCode() {
    if (!$hashCodeMemoized) {
      int h = 1;
      $hashCode = h;
      $hashCodeMemoized = true;
    }
    return $hashCode;
  }

  @Override
  public String toString() {
    if ($toString == null) {
      $toString = "AllStarships{"
        + "}";
    }
    return $toString;
  }

  public static Builder builder() {
    return new Builder();
  }

  @Override
  public String id() {
    return OPERATION_ID;
  }

  @Override
  public String document() {
    return OPERATION_DOCUMENT;
  }

  @Override
  public String name() {
    return OPERATION_NAME;
  }

  @Override
  public void serializeVariables(JsonWriter writer, CustomScalarAdapters customScalarAdapters)
      throws IOException {
    // This operation doesn't have any variable
  }

  @Override
  public Adapter<Data> adapter() {
    return new ObjectAdapter<Data>(AllStarships_ResponseAdapter.Data.INSTANCE, false);
  }

  @Override
  public CompiledField rootField() {
    return new CompiledField.Builder(
      "data",
      Root.type
    )
    .selections(AllStarshipsSelections.__root)
    .build();
  }

  public static final class Builder {
    Builder() {
    }

    public AllStarships build() {
      return new AllStarships();
    }
  }

  public static class Data implements Query.Data {
    @Nullable
    public AllStarships1 allStarships;

    private transient volatile int $hashCode;

    private transient volatile boolean $hashCodeMemoized;

    private transient volatile String $toString;

    public Data(@Nullable AllStarships1 allStarships) {
      this.allStarships = allStarships;
    }

    @Override
    public boolean equals(Object o) {
      if (o == this) {
        return true;
      }
      if (o instanceof Data) {
        Data that = (Data) o;
        return ((this.allStarships == null) ? (that.allStarships == null) : this.allStarships.equals(that.allStarships));
      }
      return false;
    }

    @Override
    public int hashCode() {
      if (!$hashCodeMemoized) {
        int h = 1;
        h *= 1000003;
        h ^= (allStarships == null) ? 0 : allStarships.hashCode();
        $hashCode = h;
        $hashCodeMemoized = true;
      }
      return $hashCode;
    }

    @Override
    public String toString() {
      if ($toString == null) {
        $toString = "Data{"
          + "allStarships=" + allStarships
          + "}";
      }
      return $toString;
    }
  }

  public static class AllStarships1 {
    /**
     * A list of edges.
     */
    @Nullable
    public List<Edge> edges;

    private transient volatile int $hashCode;

    private transient volatile boolean $hashCodeMemoized;

    private transient volatile String $toString;

    public AllStarships1(@Nullable List<Edge> edges) {
      this.edges = edges;
    }

    @Override
    public boolean equals(Object o) {
      if (o == this) {
        return true;
      }
      if (o instanceof AllStarships1) {
        AllStarships1 that = (AllStarships1) o;
        return ((this.edges == null) ? (that.edges == null) : this.edges.equals(that.edges));
      }
      return false;
    }

    @Override
    public int hashCode() {
      if (!$hashCodeMemoized) {
        int h = 1;
        h *= 1000003;
        h ^= (edges == null) ? 0 : edges.hashCode();
        $hashCode = h;
        $hashCodeMemoized = true;
      }
      return $hashCode;
    }

    @Override
    public String toString() {
      if ($toString == null) {
        $toString = "AllStarships1{"
          + "edges=" + edges
          + "}";
      }
      return $toString;
    }
  }

  public static class Edge {
    /**
     * The item at the end of the edge
     */
    @Nullable
    public Node node;

    private transient volatile int $hashCode;

    private transient volatile boolean $hashCodeMemoized;

    private transient volatile String $toString;

    public Edge(@Nullable Node node) {
      this.node = node;
    }

    @Override
    public boolean equals(Object o) {
      if (o == this) {
        return true;
      }
      if (o instanceof Edge) {
        Edge that = (Edge) o;
        return ((this.node == null) ? (that.node == null) : this.node.equals(that.node));
      }
      return false;
    }

    @Override
    public int hashCode() {
      if (!$hashCodeMemoized) {
        int h = 1;
        h *= 1000003;
        h ^= (node == null) ? 0 : node.hashCode();
        $hashCode = h;
        $hashCodeMemoized = true;
      }
      return $hashCode;
    }

    @Override
    public String toString() {
      if ($toString == null) {
        $toString = "Edge{"
          + "node=" + node
          + "}";
      }
      return $toString;
    }
  }

  public static class Node {
    @NotNull
    public String __typename;

    /**
     * Synthetic field for 'starshipFragment'
     */
    @NotNull
    public StarshipFragment starshipFragment;

    private transient volatile int $hashCode;

    private transient volatile boolean $hashCodeMemoized;

    private transient volatile String $toString;

    public Node(@NotNull String __typename, @NotNull StarshipFragment starshipFragment) {
      this.__typename = __typename;
      this.starshipFragment = starshipFragment;
    }

    @Override
    public boolean equals(Object o) {
      if (o == this) {
        return true;
      }
      if (o instanceof Node) {
        Node that = (Node) o;
        return ((this.__typename == null) ? (that.__typename == null) : this.__typename.equals(that.__typename))
         &&((this.starshipFragment == null) ? (that.starshipFragment == null) : this.starshipFragment.equals(that.starshipFragment));
      }
      return false;
    }

    @Override
    public int hashCode() {
      if (!$hashCodeMemoized) {
        int h = 1;
        h *= 1000003;
        h ^= (__typename == null) ? 0 : __typename.hashCode();
        h *= 1000003;
        h ^= (starshipFragment == null) ? 0 : starshipFragment.hashCode();
        $hashCode = h;
        $hashCodeMemoized = true;
      }
      return $hashCode;
    }

    @Override
    public String toString() {
      if ($toString == null) {
        $toString = "Node{"
          + "__typename=" + __typename + ", "
          + "starshipFragment=" + starshipFragment
          + "}";
      }
      return $toString;
    }
  }
}
