//
// AUTO-GENERATED FILE. DO NOT MODIFY.
//
// This class was automatically generated by Apollo GraphQL version '$VERSION'.
//
package com.example.arguments_hardcoded;

import com.apollographql.apollo3.api.Adapter;
import com.apollographql.apollo3.api.CompiledField;
import com.apollographql.apollo3.api.CustomScalarAdapters;
import com.apollographql.apollo3.api.ObjectAdapter;
import com.apollographql.apollo3.api.Query;
import com.apollographql.apollo3.api.json.JsonWriter;
import com.example.arguments_hardcoded.adapter.TestQuery_ResponseAdapter;
import com.example.arguments_hardcoded.selections.TestQuerySelections;
import java.io.IOException;
import java.lang.Integer;
import java.lang.Object;
import java.lang.Override;
import java.lang.String;
import java.util.List;
import org.jetbrains.annotations.NotNull;
import org.jetbrains.annotations.Nullable;

public class TestQuery implements Query<TestQuery.Data> {
  public static final String OPERATION_ID = "a15321a7f7103480873db29a761ae001023b059eb7ad1af9e2816d1a2458c1b5";

  /**
   * The minimized GraphQL document being sent to the server to save a few bytes.
   * The un-minimized version is:
   *
   * query TestQuery {
   *   reviews(episode: JEDI, starsInt: 10, starsFloat: 9.9) {
   *     stars
   *     commentary
   *   }
   *   testNullableArguments(int: null, string: null, float: null, review: null, episode: null, boolean: null, list: null)
   * }
   */
  public static final String OPERATION_DOCUMENT = "query TestQuery { reviews(episode: JEDI, starsInt: 10, starsFloat: 9.9) { stars commentary } testNullableArguments(int: null, string: null, float: null, review: null, episode: null, boolean: null, list: null) }";

  public static final String OPERATION_NAME = "TestQuery";

  private transient volatile int $hashCode;

  private transient volatile boolean $hashCodeMemoized;

  private transient volatile String $toString;

  public TestQuery() {

  }

  @Override
  public boolean equals(Object o) {
    if (o == this) {
      return true;
    }
    if (o instanceof TestQuery) {
      return true;
    }
    return false;
  }

  @Override
  public int hashCode() {
    if (!$hashCodeMemoized) {
      int h = 1;
      $hashCode = h;
      $hashCodeMemoized = true;
    }
    return $hashCode;
  }

  @Override
  public String toString() {
    if ($toString == null) {
      $toString = "TestQuery{"
        + "}";
    }
    return $toString;
  }

  public static Builder builder() {
    return new Builder();
  }

  @Override
  public String id() {
    return OPERATION_ID;
  }

  @Override
  public String document() {
    return OPERATION_DOCUMENT;
  }

  @Override
  public String name() {
    return OPERATION_NAME;
  }

  @Override
  public void serializeVariables(JsonWriter writer, CustomScalarAdapters customScalarAdapters)
      throws IOException {
    // This operation doesn't have any variable
  }

  @Override
  public Adapter<Data> adapter() {
    return new ObjectAdapter<Data>(TestQuery_ResponseAdapter.Data.INSTANCE, false);
  }

  @Override
  public CompiledField rootField() {
    return new CompiledField.Builder(
      "data",
      com.example.arguments_hardcoded.type.Query.type
    )
    .selections(TestQuerySelections.__root)
    .build();
  }

  public static final class Builder {
    Builder() {
    }

    public TestQuery build() {
      return new TestQuery();
    }
  }

  public static class Data implements Query.Data {
    @Nullable
    public List<Review> reviews;

    @NotNull
    public Integer testNullableArguments;

    private transient volatile int $hashCode;

    private transient volatile boolean $hashCodeMemoized;

    private transient volatile String $toString;

    public Data(@Nullable List<Review> reviews, @NotNull Integer testNullableArguments) {
      this.reviews = reviews;
      this.testNullableArguments = testNullableArguments;
    }

    @Override
    public boolean equals(Object o) {
      if (o == this) {
        return true;
      }
      if (o instanceof Data) {
        Data that = (Data) o;
        return ((this.reviews == null) ? (that.reviews == null) : this.reviews.equals(that.reviews))
         &&((this.testNullableArguments == null) ? (that.testNullableArguments == null) : this.testNullableArguments.equals(that.testNullableArguments));
      }
      return false;
    }

    @Override
    public int hashCode() {
      if (!$hashCodeMemoized) {
        int h = 1;
        h *= 1000003;
        h ^= (reviews == null) ? 0 : reviews.hashCode();
        h *= 1000003;
        h ^= (testNullableArguments == null) ? 0 : testNullableArguments.hashCode();
        $hashCode = h;
        $hashCodeMemoized = true;
      }
      return $hashCode;
    }

    @Override
    public String toString() {
      if ($toString == null) {
        $toString = "Data{"
          + "reviews=" + reviews + ", "
          + "testNullableArguments=" + testNullableArguments
          + "}";
      }
      return $toString;
    }
  }

  public static class Review {
    /**
     * The number of stars this review gave, 1-5
     */
    @NotNull
    public Integer stars;

    /**
     * Comment about the movie
     */
    @Nullable
    public String commentary;

    private transient volatile int $hashCode;

    private transient volatile boolean $hashCodeMemoized;

    private transient volatile String $toString;

    public Review(@NotNull Integer stars, @Nullable String commentary) {
      this.stars = stars;
      this.commentary = commentary;
    }

    @Override
    public boolean equals(Object o) {
      if (o == this) {
        return true;
      }
      if (o instanceof Review) {
        Review that = (Review) o;
        return ((this.stars == null) ? (that.stars == null) : this.stars.equals(that.stars))
         &&((this.commentary == null) ? (that.commentary == null) : this.commentary.equals(that.commentary));
      }
      return false;
    }

    @Override
    public int hashCode() {
      if (!$hashCodeMemoized) {
        int h = 1;
        h *= 1000003;
        h ^= (stars == null) ? 0 : stars.hashCode();
        h *= 1000003;
        h ^= (commentary == null) ? 0 : commentary.hashCode();
        $hashCode = h;
        $hashCodeMemoized = true;
      }
      return $hashCode;
    }

    @Override
    public String toString() {
      if ($toString == null) {
        $toString = "Review{"
          + "stars=" + stars + ", "
          + "commentary=" + commentary
          + "}";
      }
      return $toString;
    }
  }
}
