//
// AUTO-GENERATED FILE. DO NOT MODIFY.
//
// This class was automatically generated by Apollo GraphQL version '$VERSION'.
//
package com.example.root_query_fragment_with_nested_fragments.fragment;

import com.apollographql.apollo3.api.Fragment;
import java.lang.Object;
import java.lang.Override;
import java.lang.String;
import org.jetbrains.annotations.NotNull;
import org.jetbrains.annotations.Nullable;

public class QueryFragment implements Fragment.Data {
  @NotNull
  public String __typename;

  @Nullable
  public Hero hero;

  @Nullable
  public Droid droid;

  @Nullable
  public Human human;

  private transient volatile int $hashCode;

  private transient volatile boolean $hashCodeMemoized;

  private transient volatile String $toString;

  public QueryFragment(@NotNull String __typename, @Nullable Hero hero, @Nullable Droid droid,
      @Nullable Human human) {
    this.__typename = __typename;
    this.hero = hero;
    this.droid = droid;
    this.human = human;
  }

  @Override
  public boolean equals(Object o) {
    if (o == this) {
      return true;
    }
    if (o instanceof QueryFragment) {
      QueryFragment that = (QueryFragment) o;
      return ((this.__typename == null) ? (that.__typename == null) : this.__typename.equals(that.__typename))
       &&((this.hero == null) ? (that.hero == null) : this.hero.equals(that.hero))
       &&((this.droid == null) ? (that.droid == null) : this.droid.equals(that.droid))
       &&((this.human == null) ? (that.human == null) : this.human.equals(that.human));
    }
    return false;
  }

  @Override
  public int hashCode() {
    if (!$hashCodeMemoized) {
      int h = 1;
      h *= 1000003;
      h ^= (__typename == null) ? 0 : __typename.hashCode();
      h *= 1000003;
      h ^= (hero == null) ? 0 : hero.hashCode();
      h *= 1000003;
      h ^= (droid == null) ? 0 : droid.hashCode();
      h *= 1000003;
      h ^= (human == null) ? 0 : human.hashCode();
      $hashCode = h;
      $hashCodeMemoized = true;
    }
    return $hashCode;
  }

  @Override
  public String toString() {
    if ($toString == null) {
      $toString = "QueryFragment{"
        + "__typename=" + __typename + ", "
        + "hero=" + hero + ", "
        + "droid=" + droid + ", "
        + "human=" + human
        + "}";
    }
    return $toString;
  }

  public static class Hero {
    @NotNull
    public String __typename;

    /**
     * Synthetic field for 'heroFragment'
     */
    @NotNull
    public HeroFragment heroFragment;

    private transient volatile int $hashCode;

    private transient volatile boolean $hashCodeMemoized;

    private transient volatile String $toString;

    public Hero(@NotNull String __typename, @NotNull HeroFragment heroFragment) {
      this.__typename = __typename;
      this.heroFragment = heroFragment;
    }

    @Override
    public boolean equals(Object o) {
      if (o == this) {
        return true;
      }
      if (o instanceof Hero) {
        Hero that = (Hero) o;
        return ((this.__typename == null) ? (that.__typename == null) : this.__typename.equals(that.__typename))
         &&((this.heroFragment == null) ? (that.heroFragment == null) : this.heroFragment.equals(that.heroFragment));
      }
      return false;
    }

    @Override
    public int hashCode() {
      if (!$hashCodeMemoized) {
        int h = 1;
        h *= 1000003;
        h ^= (__typename == null) ? 0 : __typename.hashCode();
        h *= 1000003;
        h ^= (heroFragment == null) ? 0 : heroFragment.hashCode();
        $hashCode = h;
        $hashCodeMemoized = true;
      }
      return $hashCode;
    }

    @Override
    public String toString() {
      if ($toString == null) {
        $toString = "Hero{"
          + "__typename=" + __typename + ", "
          + "heroFragment=" + heroFragment
          + "}";
      }
      return $toString;
    }
  }

  public static class Droid {
    @NotNull
    public String __typename;

    /**
     * Synthetic field for 'droidFragment'
     */
    @NotNull
    public DroidFragment droidFragment;

    private transient volatile int $hashCode;

    private transient volatile boolean $hashCodeMemoized;

    private transient volatile String $toString;

    public Droid(@NotNull String __typename, @NotNull DroidFragment droidFragment) {
      this.__typename = __typename;
      this.droidFragment = droidFragment;
    }

    @Override
    public boolean equals(Object o) {
      if (o == this) {
        return true;
      }
      if (o instanceof Droid) {
        Droid that = (Droid) o;
        return ((this.__typename == null) ? (that.__typename == null) : this.__typename.equals(that.__typename))
         &&((this.droidFragment == null) ? (that.droidFragment == null) : this.droidFragment.equals(that.droidFragment));
      }
      return false;
    }

    @Override
    public int hashCode() {
      if (!$hashCodeMemoized) {
        int h = 1;
        h *= 1000003;
        h ^= (__typename == null) ? 0 : __typename.hashCode();
        h *= 1000003;
        h ^= (droidFragment == null) ? 0 : droidFragment.hashCode();
        $hashCode = h;
        $hashCodeMemoized = true;
      }
      return $hashCode;
    }

    @Override
    public String toString() {
      if ($toString == null) {
        $toString = "Droid{"
          + "__typename=" + __typename + ", "
          + "droidFragment=" + droidFragment
          + "}";
      }
      return $toString;
    }
  }

  public static class Human {
    @NotNull
    public String __typename;

    /**
     * Synthetic field for inline fragment on Human
     */
    @NotNull
    public OnHuman onHuman;

    private transient volatile int $hashCode;

    private transient volatile boolean $hashCodeMemoized;

    private transient volatile String $toString;

    public Human(@NotNull String __typename, @NotNull OnHuman onHuman) {
      this.__typename = __typename;
      this.onHuman = onHuman;
    }

    @Override
    public boolean equals(Object o) {
      if (o == this) {
        return true;
      }
      if (o instanceof Human) {
        Human that = (Human) o;
        return ((this.__typename == null) ? (that.__typename == null) : this.__typename.equals(that.__typename))
         &&((this.onHuman == null) ? (that.onHuman == null) : this.onHuman.equals(that.onHuman));
      }
      return false;
    }

    @Override
    public int hashCode() {
      if (!$hashCodeMemoized) {
        int h = 1;
        h *= 1000003;
        h ^= (__typename == null) ? 0 : __typename.hashCode();
        h *= 1000003;
        h ^= (onHuman == null) ? 0 : onHuman.hashCode();
        $hashCode = h;
        $hashCodeMemoized = true;
      }
      return $hashCode;
    }

    @Override
    public String toString() {
      if ($toString == null) {
        $toString = "Human{"
          + "__typename=" + __typename + ", "
          + "onHuman=" + onHuman
          + "}";
      }
      return $toString;
    }
  }

  public static class OnHuman {
    /**
     * What this human calls themselves
     */
    @NotNull
    public String name;

    /**
     * The home planet of the human, or null if unknown
     */
    @Nullable
    public String homePlanet;

    private transient volatile int $hashCode;

    private transient volatile boolean $hashCodeMemoized;

    private transient volatile String $toString;

    public OnHuman(@NotNull String name, @Nullable String homePlanet) {
      this.name = name;
      this.homePlanet = homePlanet;
    }

    @Override
    public boolean equals(Object o) {
      if (o == this) {
        return true;
      }
      if (o instanceof OnHuman) {
        OnHuman that = (OnHuman) o;
        return ((this.name == null) ? (that.name == null) : this.name.equals(that.name))
         &&((this.homePlanet == null) ? (that.homePlanet == null) : this.homePlanet.equals(that.homePlanet));
      }
      return false;
    }

    @Override
    public int hashCode() {
      if (!$hashCodeMemoized) {
        int h = 1;
        h *= 1000003;
        h ^= (name == null) ? 0 : name.hashCode();
        h *= 1000003;
        h ^= (homePlanet == null) ? 0 : homePlanet.hashCode();
        $hashCode = h;
        $hashCodeMemoized = true;
      }
      return $hashCode;
    }

    @Override
    public String toString() {
      if ($toString == null) {
        $toString = "OnHuman{"
          + "name=" + name + ", "
          + "homePlanet=" + homePlanet
          + "}";
      }
      return $toString;
    }
  }
}
