//
// AUTO-GENERATED FILE. DO NOT MODIFY.
//
// This class was automatically generated by Apollo GraphQL version '$VERSION'.
//
package com.example.operationbased2_ex8.fragment

import com.apollographql.apollo3.api.Fragment
import kotlin.Int
import kotlin.String

public data class AnimalFragment(
  public val species: String,
  public val parent: Parent,
) : Fragment.Data {
  public data class Parent(
    public val __typename: String,
    public val species: String,
    /**
     * Synthetic field for inline fragment on Lion
     */
    public val asLion: AsLion?,
    /**
     * Synthetic field for inline fragment on Cat
     */
    public val asCat: AsCat?,
  )

  public data class AsLion(
    public val __typename: String,
    public val species: String,
    public val temperature: Int,
  )

  public data class AsCat(
    public val __typename: String,
    public val species: String,
    public val name: String,
  )
}
